Archive member included to satisfy reference by file (symbol)

D:/13.3 rel1/bin/../lib/gcc/arm-none-eabi/13.3.1/thumb/v7e-m/nofp\libstdc++.a(class_type_info.o)
                              CMakeFiles/new_lib.elf.dir/Core/Src/main.cpp.obj (vtable for __cxxabiv1::__class_type_info)
D:/13.3 rel1/bin/../lib/gcc/arm-none-eabi/13.3.1/thumb/v7e-m/nofp\libstdc++.a(del_ops.o)
                              D:/13.3 rel1/bin/../lib/gcc/arm-none-eabi/13.3.1/thumb/v7e-m/nofp\libstdc++.a(class_type_info.o) (operator delete(void*, unsigned int))
D:/13.3 rel1/bin/../lib/gcc/arm-none-eabi/13.3.1/thumb/v7e-m/nofp\libstdc++.a(si_class_type_info.o)
                              CMakeFiles/new_lib.elf.dir/Core/Src/main.cpp.obj (vtable for __cxxabiv1::__si_class_type_info)
D:/13.3 rel1/bin/../lib/gcc/arm-none-eabi/13.3.1/thumb/v7e-m/nofp\libstdc++.a(tinfo.o)
                              D:/13.3 rel1/bin/../lib/gcc/arm-none-eabi/13.3.1/thumb/v7e-m/nofp\libstdc++.a(class_type_info.o) (std::type_info::~type_info())
D:/13.3 rel1/bin/../lib/gcc/arm-none-eabi/13.3.1/thumb/v7e-m/nofp\libstdc++.a(del_op.o)
                              D:/13.3 rel1/bin/../lib/gcc/arm-none-eabi/13.3.1/thumb/v7e-m/nofp\libstdc++.a(del_ops.o) (operator delete(void*))
D:/13.3 rel1/bin/../lib/gcc/arm-none-eabi/13.3.1/thumb/v7e-m/nofp\libgcc.a(_aeabi_uldivmod.o)
                              CMakeFiles/new_lib.elf.dir/Drivers/STM32F4xx_HAL_Driver/Src/stm32f4xx_hal_rcc.c.obj (__aeabi_uldivmod)
D:/13.3 rel1/bin/../lib/gcc/arm-none-eabi/13.3.1/thumb/v7e-m/nofp\libgcc.a(_udivmoddi4.o)
                              D:/13.3 rel1/bin/../lib/gcc/arm-none-eabi/13.3.1/thumb/v7e-m/nofp\libgcc.a(_aeabi_uldivmod.o) (__udivmoddi4)
D:/13.3 rel1/bin/../lib/gcc/arm-none-eabi/13.3.1/thumb/v7e-m/nofp\libgcc.a(unwind-arm.o)
                              CMakeFiles/new_lib.elf.dir/Core/Src/main.cpp.obj (__aeabi_unwind_cpp_pr0)
D:/13.3 rel1/bin/../lib/gcc/arm-none-eabi/13.3.1/thumb/v7e-m/nofp\libgcc.a(libunwind.o)
                              D:/13.3 rel1/bin/../lib/gcc/arm-none-eabi/13.3.1/thumb/v7e-m/nofp\libgcc.a(unwind-arm.o) (restore_core_regs)
D:/13.3 rel1/bin/../lib/gcc/arm-none-eabi/13.3.1/thumb/v7e-m/nofp\libgcc.a(pr-support.o)
                              D:/13.3 rel1/bin/../lib/gcc/arm-none-eabi/13.3.1/thumb/v7e-m/nofp\libgcc.a(unwind-arm.o) (__gnu_unwind_execute)
D:/13.3 rel1/bin/../lib/gcc/arm-none-eabi/13.3.1/thumb/v7e-m/nofp\libgcc.a(_dvmd_tls.o)
                              D:/13.3 rel1/bin/../lib/gcc/arm-none-eabi/13.3.1/thumb/v7e-m/nofp\libgcc.a(_aeabi_uldivmod.o) (__aeabi_ldiv0)
D:/13.3 rel1/bin/../lib/gcc/arm-none-eabi/13.3.1/thumb/v7e-m/nofp\libg.a(libc_a-abort.o)
                              D:/13.3 rel1/bin/../lib/gcc/arm-none-eabi/13.3.1/thumb/v7e-m/nofp\libgcc.a(unwind-arm.o) (abort)
D:/13.3 rel1/bin/../lib/gcc/arm-none-eabi/13.3.1/thumb/v7e-m/nofp\libg.a(libc_a-exit.o)
                              D:/13.3 rel1/bin/../lib/gcc/arm-none-eabi/13.3.1/thumb/v7e-m/nofp/crt0.o (exit)
D:/13.3 rel1/bin/../lib/gcc/arm-none-eabi/13.3.1/thumb/v7e-m/nofp\libg.a(libc_a-malloc.o)
                              D:/13.3 rel1/bin/../lib/gcc/arm-none-eabi/13.3.1/thumb/v7e-m/nofp\libstdc++.a(del_op.o) (free)
D:/13.3 rel1/bin/../lib/gcc/arm-none-eabi/13.3.1/thumb/v7e-m/nofp\libg.a(libc_a-mallocr.o)
                              D:/13.3 rel1/bin/../lib/gcc/arm-none-eabi/13.3.1/thumb/v7e-m/nofp\libg.a(libc_a-malloc.o) (_malloc_r)
D:/13.3 rel1/bin/../lib/gcc/arm-none-eabi/13.3.1/thumb/v7e-m/nofp\libg.a(libc_a-mlock.o)
                              D:/13.3 rel1/bin/../lib/gcc/arm-none-eabi/13.3.1/thumb/v7e-m/nofp\libg.a(libc_a-mallocr.o) (__malloc_lock)
D:/13.3 rel1/bin/../lib/gcc/arm-none-eabi/13.3.1/thumb/v7e-m/nofp\libg.a(libc_a-findfp.o)
                              D:/13.3 rel1/bin/../lib/gcc/arm-none-eabi/13.3.1/thumb/v7e-m/nofp\libg.a(libc_a-exit.o) (__stdio_exit_handler)
D:/13.3 rel1/bin/../lib/gcc/arm-none-eabi/13.3.1/thumb/v7e-m/nofp\libg.a(libc_a-fwalk.o)
                              D:/13.3 rel1/bin/../lib/gcc/arm-none-eabi/13.3.1/thumb/v7e-m/nofp\libg.a(libc_a-findfp.o) (_fwalk_sglue)
D:/13.3 rel1/bin/../lib/gcc/arm-none-eabi/13.3.1/thumb/v7e-m/nofp\libg.a(libc_a-stdio.o)
                              D:/13.3 rel1/bin/../lib/gcc/arm-none-eabi/13.3.1/thumb/v7e-m/nofp\libg.a(libc_a-findfp.o) (__sread)
D:/13.3 rel1/bin/../lib/gcc/arm-none-eabi/13.3.1/thumb/v7e-m/nofp\libg.a(libc_a-memset.o)
                              D:/13.3 rel1/bin/../lib/gcc/arm-none-eabi/13.3.1/thumb/v7e-m/nofp/crt0.o (memset)
D:/13.3 rel1/bin/../lib/gcc/arm-none-eabi/13.3.1/thumb/v7e-m/nofp\libg.a(libc_a-signal.o)
                              D:/13.3 rel1/bin/../lib/gcc/arm-none-eabi/13.3.1/thumb/v7e-m/nofp\libg.a(libc_a-abort.o) (raise)
D:/13.3 rel1/bin/../lib/gcc/arm-none-eabi/13.3.1/thumb/v7e-m/nofp\libg.a(libc_a-closer.o)
                              D:/13.3 rel1/bin/../lib/gcc/arm-none-eabi/13.3.1/thumb/v7e-m/nofp\libg.a(libc_a-stdio.o) (_close_r)
[...]
Memory Configuration

Name             Origin             Length             Attributes
CCMRAM           0x10000000         0x00010000         xrw
RAM              0x20000000         0x00020000         xrw
FLASH            0x08000000         0x00100000         xr
*default*        0x00000000         0xffffffff

Linker script and memory map

LOAD D:/13.3 rel1/bin/../lib/gcc/arm-none-eabi/13.3.1/thumb/v7e-m/nofp/crti.o
LOAD D:/13.3 rel1/bin/../lib/gcc/arm-none-eabi/13.3.1/thumb/v7e-m/nofp/crtbegin.o
LOAD D:/13.3 rel1/bin/../lib/gcc/arm-none-eabi/13.3.1/thumb/v7e-m/nofp/crt0.o
LOAD CMakeFiles/new_lib.elf.dir/Core/Src/main.cpp.obj
LOAD CMakeFiles/new_lib.elf.dir/Core/Src/stm32f4xx_hal_msp.c.obj
LOAD CMakeFiles/new_lib.elf.dir/Core/Src/stm32f4xx_it.c.obj
LOAD CMakeFiles/new_lib.elf.dir/Core/Src/syscalls.c.obj
LOAD CMakeFiles/new_lib.elf.dir/Core/Src/sysmem.c.obj
LOAD CMakeFiles/new_lib.elf.dir/Core/Src/system_stm32f4xx.c.obj
LOAD CMakeFiles/new_lib.elf.dir/Core/Startup/startup_stm32f407zgtx.s.obj
LOAD CMakeFiles/new_lib.elf.dir/Drivers/STM32F4xx_HAL_Driver/Src/stm32f4xx_hal.c.obj
LOAD CMakeFiles/new_lib.elf.dir/Drivers/STM32F4xx_HAL_Driver/Src/stm32f4xx_hal_adc.c.obj
LOAD CMakeFiles/new_lib.elf.dir/Drivers/STM32F4xx_HAL_Driver/Src/stm32f4xx_hal_adc_ex.c.obj
LOAD CMakeFiles/new_lib.elf.dir/Drivers/STM32F4xx_HAL_Driver/Src/stm32f4xx_hal_can.c.obj
LOAD CMakeFiles/new_lib.elf.dir/Drivers/STM32F4xx_HAL_Driver/Src/stm32f4xx_hal_cec.c.obj
LOAD CMakeFiles/new_lib.elf.dir/Drivers/STM32F4xx_HAL_Driver/Src/stm32f4xx_hal_cortex.c.obj
LOAD CMakeFiles/new_lib.elf.dir/Drivers/STM32F4xx_HAL_Driver/Src/stm32f4xx_hal_crc.c.obj
LOAD CMakeFiles/new_lib.elf.dir/Drivers/STM32F4xx_HAL_Driver/Src/stm32f4xx_hal_cryp.c.obj
LOAD CMakeFiles/new_lib.elf.dir/Drivers/STM32F4xx_HAL_Driver/Src/stm32f4xx_hal_cryp_ex.c.obj
LOAD CMakeFiles/new_lib.elf.dir/Drivers/STM32F4xx_HAL_Driver/Src/stm32f4xx_hal_dac.c.obj
LOAD CMakeFiles/new_lib.elf.dir/Drivers/STM32F4xx_HAL_Driver/Src/stm32f4xx_hal_dac_ex.c.obj
LOAD CMakeFiles/new_lib.elf.dir/Drivers/STM32F4xx_HAL_Driver/Src/stm32f4xx_hal_dcmi.c.obj
LOAD CMakeFiles/new_lib.elf.dir/Drivers/STM32F4xx_HAL_Driver/Src/stm32f4xx_hal_dcmi_ex.c.obj
LOAD CMakeFiles/new_lib.elf.dir/Drivers/STM32F4xx_HAL_Driver/Src/stm32f4xx_hal_dfsdm.c.obj
LOAD CMakeFiles/new_lib.elf.dir/Drivers/STM32F4xx_HAL_Driver/Src/stm32f4xx_hal_dma.c.obj
LOAD CMakeFiles/new_lib.elf.dir/Drivers/STM32F4xx_HAL_Driver/Src/stm32f4xx_hal_dma2d.c.obj
LOAD CMakeFiles/new_lib.elf.dir/Drivers/STM32F4xx_HAL_Driver/Src/stm32f4xx_hal_dma_ex.c.obj
LOAD CMakeFiles/new_lib.elf.dir/Drivers/STM32F4xx_HAL_Driver/Src/stm32f4xx_hal_dsi.c.obj
LOAD CMakeFiles/new_lib.elf.dir/Drivers/STM32F4xx_HAL_Driver/Src/stm32f4xx_hal_eth.c.obj
LOAD CMakeFiles/new_lib.elf.dir/Drivers/STM32F4xx_HAL_Driver/Src/stm32f4xx_hal_exti.c.obj
LOAD CMakeFiles/new_lib.elf.dir/Drivers/STM32F4xx_HAL_Driver/Src/stm32f4xx_hal_flash.c.obj
LOAD CMakeFiles/new_lib.elf.dir/Drivers/STM32F4xx_HAL_Driver/Src/stm32f4xx_hal_flash_ex.c.obj
LOAD CMakeFiles/new_lib.elf.dir/Drivers/STM32F4xx_HAL_Driver/Src/stm32f4xx_hal_flash_ramfunc.c.obj
LOAD CMakeFiles/new_lib.elf.dir/Drivers/STM32F4xx_HAL_Driver/Src/stm32f4xx_hal_fmpi2c.c.obj
LOAD CMakeFiles/new_lib.elf.dir/Drivers/STM32F4xx_HAL_Driver/Src/stm32f4xx_hal_fmpi2c_ex.c.obj
LOAD CMakeFiles/new_lib.elf.dir/Drivers/STM32F4xx_HAL_Driver/Src/stm32f4xx_hal_fmpsmbus.c.obj
LOAD CMakeFiles/new_lib.elf.dir/Drivers/STM32F4xx_HAL_Driver/Src/stm32f4xx_hal_fmpsmbus_ex.c.obj
LOAD CMakeFiles/new_lib.elf.dir/Drivers/STM32F4xx_HAL_Driver/Src/stm32f4xx_hal_gpio.c.obj
LOAD CMakeFiles/new_lib.elf.dir/Drivers/STM32F4xx_HAL_Driver/Src/stm32f4xx_hal_hash.c.obj
LOAD CMakeFiles/new_lib.elf.dir/Drivers/STM32F4xx_HAL_Driver/Src/stm32f4xx_hal_hash_ex.c.obj
LOAD CMakeFiles/new_lib.elf.dir/Drivers/STM32F4xx_HAL_Driver/Src/stm32f4xx_hal_hcd.c.obj
LOAD CMakeFiles/new_lib.elf.dir/Drivers/STM32F4xx_HAL_Driver/Src/stm32f4xx_hal_i2c.c.obj
LOAD CMakeFiles/new_lib.elf.dir/Drivers/STM32F4xx_HAL_Driver/Src/stm32f4xx_hal_i2c_ex.c.obj
LOAD CMakeFiles/new_lib.elf.dir/Drivers/STM32F4xx_HAL_Driver/Src/stm32f4xx_hal_i2s.c.obj
LOAD CMakeFiles/new_lib.elf.dir/Drivers/STM32F4xx_HAL_Driver/Src/stm32f4xx_hal_i2s_ex.c.obj
LOAD CMakeFiles/new_lib.elf.dir/Drivers/STM32F4xx_HAL_Driver/Src/stm32f4xx_hal_irda.c.obj
LOAD CMakeFiles/new_lib.elf.dir/Drivers/STM32F4xx_HAL_Driver/Src/stm32f4xx_hal_iwdg.c.obj
LOAD CMakeFiles/new_lib.elf.dir/Drivers/STM32F4xx_HAL_Driver/Src/stm32f4xx_hal_lptim.c.obj
LOAD CMakeFiles/new_lib.elf.dir/Drivers/STM32F4xx_HAL_Driver/Src/stm32f4xx_hal_ltdc.c.obj
LOAD CMakeFiles/new_lib.elf.dir/Drivers/STM32F4xx_HAL_Driver/Src/stm32f4xx_hal_ltdc_ex.c.obj
LOAD CMakeFiles/new_lib.elf.dir/Drivers/STM32F4xx_HAL_Driver/Src/stm32f4xx_hal_mmc.c.obj
LOAD CMakeFiles/new_lib.elf.dir/Drivers/STM32F4xx_HAL_Driver/Src/stm32f4xx_hal_nand.c.obj
LOAD CMakeFiles/new_lib.elf.dir/Drivers/STM32F4xx_HAL_Driver/Src/stm32f4xx_hal_nor.c.obj
LOAD CMakeFiles/new_lib.elf.dir/Drivers/STM32F4xx_HAL_Driver/Src/stm32f4xx_hal_pccard.c.obj
LOAD CMakeFiles/new_lib.elf.dir/Drivers/STM32F4xx_HAL_Driver/Src/stm32f4xx_hal_pcd.c.obj
LOAD CMakeFiles/new_lib.elf.dir/Drivers/STM32F4xx_HAL_Driver/Src/stm32f4xx_hal_pcd_ex.c.obj
LOAD CMakeFiles/new_lib.elf.dir/Drivers/STM32F4xx_HAL_Driver/Src/stm32f4xx_hal_pwr.c.obj
LOAD CMakeFiles/new_lib.elf.dir/Drivers/STM32F4xx_HAL_Driver/Src/stm32f4xx_hal_pwr_ex.c.obj
LOAD CMakeFiles/new_lib.elf.dir/Drivers/STM32F4xx_HAL_Driver/Src/stm32f4xx_hal_qspi.c.obj
LOAD CMakeFiles/new_lib.elf.dir/Drivers/STM32F4xx_HAL_Driver/Src/stm32f4xx_hal_rcc.c.obj
LOAD CMakeFiles/new_lib.elf.dir/Drivers/STM32F4xx_HAL_Driver/Src/stm32f4xx_hal_rcc_ex.c.obj
LOAD CMakeFiles/new_lib.elf.dir/Drivers/STM32F4xx_HAL_Driver/Src/stm32f4xx_hal_rng.c.obj
LOAD CMakeFiles/new_lib.elf.dir/Drivers/STM32F4xx_HAL_Driver/Src/stm32f4xx_hal_rtc.c.obj
LOAD CMakeFiles/new_lib.elf.dir/Drivers/STM32F4xx_HAL_Driver/Src/stm32f4xx_hal_rtc_ex.c.obj
LOAD CMakeFiles/new_lib.elf.dir/Drivers/STM32F4xx_HAL_Driver/Src/stm32f4xx_hal_sai.c.obj
LOAD CMakeFiles/new_lib.elf.dir/Drivers/STM32F4xx_HAL_Driver/Src/stm32f4xx_hal_sai_ex.c.obj
LOAD CMakeFiles/new_lib.elf.dir/Drivers/STM32F4xx_HAL_Driver/Src/stm32f4xx_hal_sd.c.obj
LOAD CMakeFiles/new_lib.elf.dir/Drivers/STM32F4xx_HAL_Driver/Src/stm32f4xx_hal_sdram.c.obj
LOAD CMakeFiles/new_lib.elf.dir/Drivers/STM32F4xx_HAL_Driver/Src/stm32f4xx_hal_smartcard.c.obj
LOAD CMakeFiles/new_lib.elf.dir/Drivers/STM32F4xx_HAL_Driver/Src/stm32f4xx_hal_smbus.c.obj
LOAD CMakeFiles/new_lib.elf.dir/Drivers/STM32F4xx_HAL_Driver/Src/stm32f4xx_hal_spdifrx.c.obj
LOAD CMakeFiles/new_lib.elf.dir/Drivers/STM32F4xx_HAL_Driver/Src/stm32f4xx_hal_spi.c.obj
LOAD CMakeFiles/new_lib.elf.dir/Drivers/STM32F4xx_HAL_Driver/Src/stm32f4xx_hal_sram.c.obj
LOAD CMakeFiles/new_lib.elf.dir/Drivers/STM32F4xx_HAL_Driver/Src/stm32f4xx_hal_tim.c.obj
LOAD CMakeFiles/new_lib.elf.dir/Drivers/STM32F4xx_HAL_Driver/Src/stm32f4xx_hal_tim_ex.c.obj
LOAD CMakeFiles/new_lib.elf.dir/Drivers/STM32F4xx_HAL_Driver/Src/stm32f4xx_hal_uart.c.obj
LOAD CMakeFiles/new_lib.elf.dir/Drivers/STM32F4xx_HAL_Driver/Src/stm32f4xx_hal_usart.c.obj
LOAD CMakeFiles/new_lib.elf.dir/Drivers/STM32F4xx_HAL_Driver/Src/stm32f4xx_hal_wwdg.c.obj
LOAD CMakeFiles/new_lib.elf.dir/Drivers/STM32F4xx_HAL_Driver/Src/stm32f4xx_ll_adc.c.obj
LOAD CMakeFiles/new_lib.elf.dir/Drivers/STM32F4xx_HAL_Driver/Src/stm32f4xx_ll_crc.c.obj
LOAD CMakeFiles/new_lib.elf.dir/Drivers/STM32F4xx_HAL_Driver/Src/stm32f4xx_ll_dac.c.obj
LOAD CMakeFiles/new_lib.elf.dir/Drivers/STM32F4xx_HAL_Driver/Src/stm32f4xx_ll_dma.c.obj
LOAD CMakeFiles/new_lib.elf.dir/Drivers/STM32F4xx_HAL_Driver/Src/stm32f4xx_ll_dma2d.c.obj
LOAD CMakeFiles/new_lib.elf.dir/Drivers/STM32F4xx_HAL_Driver/Src/stm32f4xx_ll_exti.c.obj
LOAD CMakeFiles/new_lib.elf.dir/Drivers/STM32F4xx_HAL_Driver/Src/stm32f4xx_ll_fmc.c.obj
LOAD CMakeFiles/new_lib.elf.dir/Drivers/STM32F4xx_HAL_Driver/Src/stm32f4xx_ll_fmpi2c.c.obj
LOAD CMakeFiles/new_lib.elf.dir/Drivers/STM32F4xx_HAL_Driver/Src/stm32f4xx_ll_fsmc.c.obj
LOAD CMakeFiles/new_lib.elf.dir/Drivers/STM32F4xx_HAL_Driver/Src/stm32f4xx_ll_gpio.c.obj
LOAD CMakeFiles/new_lib.elf.dir/Drivers/STM32F4xx_HAL_Driver/Src/stm32f4xx_ll_i2c.c.obj
LOAD CMakeFiles/new_lib.elf.dir/Drivers/STM32F4xx_HAL_Driver/Src/stm32f4xx_ll_lptim.c.obj
LOAD CMakeFiles/new_lib.elf.dir/Drivers/STM32F4xx_HAL_Driver/Src/stm32f4xx_ll_pwr.c.obj
LOAD CMakeFiles/new_lib.elf.dir/Drivers/STM32F4xx_HAL_Driver/Src/stm32f4xx_ll_rcc.c.obj
LOAD CMakeFiles/new_lib.elf.dir/Drivers/STM32F4xx_HAL_Driver/Src/stm32f4xx_ll_rng.c.obj
LOAD CMakeFiles/new_lib.elf.dir/Drivers/STM32F4xx_HAL_Driver/Src/stm32f4xx_ll_rtc.c.obj
LOAD CMakeFiles/new_lib.elf.dir/Drivers/STM32F4xx_HAL_Driver/Src/stm32f4xx_ll_sdmmc.c.obj
LOAD CMakeFiles/new_lib.elf.dir/Drivers/STM32F4xx_HAL_Driver/Src/stm32f4xx_ll_spi.c.obj
LOAD CMakeFiles/new_lib.elf.dir/Drivers/STM32F4xx_HAL_Driver/Src/stm32f4xx_ll_tim.c.obj
LOAD CMakeFiles/new_lib.elf.dir/Drivers/STM32F4xx_HAL_Driver/Src/stm32f4xx_ll_usart.c.obj
LOAD CMakeFiles/new_lib.elf.dir/Drivers/STM32F4xx_HAL_Driver/Src/stm32f4xx_ll_usb.c.obj
LOAD CMakeFiles/new_lib.elf.dir/Drivers/STM32F4xx_HAL_Driver/Src/stm32f4xx_ll_utils.c.obj
LOAD CMakeFiles/new_lib.elf.dir/Lib/BSP_lib/Gpio/Gpio.cpp.obj
LOAD CMakeFiles/new_lib.elf.dir/Lib/BSP_lib/Rcc/Rcc.cpp.obj
LOAD CMakeFiles/new_lib.elf.dir/Lib/BSP_lib/Serial/Serial.cpp.obj
LOAD CMakeFiles/new_lib.elf.dir/Lib/BSP_lib/SysTick/SysTick.cpp.obj
LOAD CMakeFiles/new_lib.elf.dir/Lib/Soft_lib/Key/MuiltKey.cpp.obj
LOAD D:/13.3 rel1/bin/../lib/gcc/arm-none-eabi/13.3.1/thumb/v7e-m/nofp\libstdc++.a
LOAD D:/13.3 rel1/bin/../lib/gcc/arm-none-eabi/13.3.1/thumb/v7e-m/nofp\libm.a
START GROUP
LOAD D:/13.3 rel1/bin/../lib/gcc/arm-none-eabi/13.3.1/thumb/v7e-m/nofp\libgcc.a
LOAD D:/13.3 rel1/bin/../lib/gcc/arm-none-eabi/13.3.1/thumb/v7e-m/nofp\libg.a
LOAD D:/13.3 rel1/bin/../lib/gcc/arm-none-eabi/13.3.1/thumb/v7e-m/nofp\libc.a
END GROUP
LOAD D:/13.3 rel1/bin/../lib/gcc/arm-none-eabi/13.3.1/thumb/v7e-m/nofp/crtend.o
LOAD D:/13.3 rel1/bin/../lib/gcc/arm-none-eabi/13.3.1/thumb/v7e-m/nofp/crtn.o
                0x20020000                        _estack = (ORIGIN (RAM) + LENGTH (RAM))
                0x00000200                        _Min_Heap_Size = 0x200
                0x00000400                        _Min_Stack_Size = 0x400

.isr_vector     0x08000000      0x188
                0x08000000                        . = ALIGN (0x4)
 *(.isr_vector)
 .isr_vector    0x08000000      0x188 CMakeFiles/new_lib.elf.dir/Core/Startup/startup_stm32f407zgtx.s.obj
                0x08000000                g_pfnVectors
                0x08000188                        . = ALIGN (0x4)

.text           0x080001a0     0x3218
                0x080001a0                        . = ALIGN (0x4)
 *(.text)
 .text          0x080001a0       0x30 D:/13.3 rel1/bin/../lib/gcc/arm-none-eabi/13.3.1/thumb/v7e-m/nofp\libgcc.a(_aeabi_uldivmod.o)
                0x080001a0                __aeabi_uldivmod
 .text          0x080001d0      0x1ac D:/13.3 rel1/bin/../lib/gcc/arm-none-eabi/13.3.1/thumb/v7e-m/nofp\libgcc.a(libunwind.o)
                0x080001d0                __restore_core_regs
                0x080001d0                restore_core_regs
                0x080001e8                __gnu_Unwind_Restore_VFP
                0x080001f0                __gnu_Unwind_Save_VFP
                0x080001f8                __gnu_Unwind_Restore_VFP_D
                0x08000200                __gnu_Unwind_Save_VFP_D
                0x08000208                __gnu_Unwind_Restore_VFP_D_16_to_31
                0x08000210                __gnu_Unwind_Save_VFP_D_16_to_31
                0x08000218                __gnu_Unwind_Restore_WMMXD
                0x0800025c                __gnu_Unwind_Save_WMMXD
                0x080002a0                __gnu_Unwind_Restore_WMMXC
                0x080002b4                __gnu_Unwind_Save_WMMXC
                0x080002c8                ___Unwind_RaiseException
                0x080002c8                _Unwind_RaiseException
                0x080002ec                _Unwind_Resume
                0x080002ec                ___Unwind_Resume
                0x08000310                _Unwind_Resume_or_Rethrow
                0x08000310                ___Unwind_Resume_or_Rethrow
                0x08000334                _Unwind_ForcedUnwind
                0x08000334                ___Unwind_ForcedUnwind
                0x08000358                ___Unwind_Backtrace
                0x08000358                _Unwind_Backtrace
 .text          0x0800037c        0x4 D:/13.3 rel1/bin/../lib/gcc/arm-none-eabi/13.3.1/thumb/v7e-m/nofp\libgcc.a(_dvmd_tls.o)
                0x0800037c                __aeabi_idiv0
                0x0800037c                __aeabi_ldiv0
 .text          0x08000380      0x2e0 D:/13.3 rel1/bin/../lib/gcc/arm-none-eabi/13.3.1/thumb/v7e-m/nofp\libg.a(libc_a-strcmp.o)
                0x08000380                strcmp
 .text          0x08000660      0x134 D:/13.3 rel1/bin/../lib/gcc/arm-none-eabi/13.3.1/thumb/v7e-m/nofp\libg.a(libc_a-memcpy.o)
                0x08000660                memcpy
 *(.text*)
 .text.deregister_tm_clones
                0x08000794       0x1c D:/13.3 rel1/bin/../lib/gcc/arm-none-eabi/13.3.1/thumb/v7e-m/nofp/crtbegin.o
 .text.register_tm_clones
                0x080007b0       0x24 D:/13.3 rel1/bin/../lib/gcc/arm-none-eabi/13.3.1/thumb/v7e-m/nofp/crtbegin.o
 .text.__do_global_dtors_aux
                0x080007d4       0x28 D:/13.3 rel1/bin/../lib/gcc/arm-none-eabi/13.3.1/thumb/v7e-m/nofp/crtbegin.o
 .text.frame_dummy
                0x080007fc       0x24 D:/13.3 rel1/bin/../lib/gcc/arm-none-eabi/13.3.1/thumb/v7e-m/nofp/crtbegin.o
 .text._ZN11BitOperatoraSEh
                0x08000820       0x12 CMakeFiles/new_lib.elf.dir/Core/Src/main.cpp.obj
                0x08000820                BitOperator::operator=(unsigned char)
 *fill*         0x08000832        0x2 
 .text._ZZ4mainENUlvE_4_FUNEv
                0x08000834       0x18 CMakeFiles/new_lib.elf.dir/Core/Src/main.cpp.obj
 .text._ZN6SerialILm1073811456EE5TeBitaSEh
                0x0800084c       0x12 CMakeFiles/new_lib.elf.dir/Core/Src/main.cpp.obj
                0x0800084c                Serial<1073811456ul>::TeBit::operator=(unsigned char)
 *fill*         0x0800085e        0x2 
 .text._Z41__static_initialization_and_destruction_0v
                0x08000860      0x144 CMakeFiles/new_lib.elf.dir/Core/Src/main.cpp.obj
 .text._ZN6SerialILm1073811456EE5ReBitaSEh
                0x080009a4       0x12 CMakeFiles/new_lib.elf.dir/Core/Src/main.cpp.obj
                0x080009a4                Serial<1073811456ul>::ReBit::operator=(unsigned char)
 *fill*         0x080009b6        0x2 
 .text._ZN12SerialHelperILm1073811456EE5clockEb
                0x080009b8       0x30 CMakeFiles/new_lib.elf.dir/Core/Src/main.cpp.obj
                0x080009b8                SerialHelper<1073811456ul>::clock(bool)
 .text._ZN3Rcc11clock_setupILh1EEEiRNS_11ClockConfigE
                0x080009e8       0xec CMakeFiles/new_lib.elf.dir/Core/Src/main.cpp.obj
                0x080009e8                int Rcc::clock_setup<(unsigned char)1>(Rcc::ClockConfig&)
 .text._ZN4GpioILm1073876992ELh2EE12clock_enableEv
                0x08000ad4       0x24 CMakeFiles/new_lib.elf.dir/Core/Src/main.cpp.obj
                0x08000ad4                Gpio<1073876992ul, (unsigned char)2>::clock_enable()
 .text._ZN4GpioILm1073872896ELh0EE12clock_enableEv
                0x08000af8       0x24 CMakeFiles/new_lib.elf.dir/Core/Src/main.cpp.obj
                0x08000af8                Gpio<1073872896ul, (unsigned char)0>::clock_enable()
 .text._ZN6SerialILm1073811456EE14default_configEm
                0x08000b1c       0x40 CMakeFiles/new_lib.elf.dir/Core/Src/main.cpp.obj
                0x08000b1c                Serial<1073811456ul>::default_config(unsigned long)
 .text._ZN10GpioHelperILm1073878016ELh0EE5clockEb
                0x08000b5c       0x30 CMakeFiles/new_lib.elf.dir/Core/Src/main.cpp.obj
                0x08000b5c                GpioHelper<1073878016ul, (unsigned char)0>::clock(bool)
 .text._ZN4GpioILm1073872896ELh0EE4Over9verify_itEv
                0x08000b8c       0x20 CMakeFiles/new_lib.elf.dir/Core/Src/main.cpp.obj
                0x08000b8c                Gpio<1073872896ul, (unsigned char)0>::Over::verify_it()
 .text._ZN4GpioILm1073872896ELh0EE33enable_interrupt_from_exti_risingEmm
                0x08000bac       0x20 CMakeFiles/new_lib.elf.dir/Core/Src/main.cpp.obj
                0x08000bac                Gpio<1073872896ul, (unsigned char)0>::enable_interrupt_from_exti_rising(unsigned long, unsigned long)
 .text._ZN6SerialILm1073811456EE8put_charEh
                0x08000bcc       0x1c CMakeFiles/new_lib.elf.dir/Core/Src/main.cpp.obj
                0x08000bcc                Serial<1073811456ul>::put_char(unsigned char)
 .text._ZN6SerialILm1073811456EE8transmitEPKch
                0x08000be8       0x1c CMakeFiles/new_lib.elf.dir/Core/Src/main.cpp.obj
                0x08000be8                Serial<1073811456ul>::transmit(char const*, unsigned char)
 .text._ZN4GpioILm1073878016ELh9EE8set_modeILh1EEEvhhh
                0x08000c04       0x34 CMakeFiles/new_lib.elf.dir/Core/Src/main.cpp.obj
                0x08000c04                void Gpio<1073878016ul, (unsigned char)9>::set_mode<(unsigned char)1>(unsigned char, unsigned char, unsigned char)
 .text._ZN4GpioILm1073872896ELh9EE8set_modeILh2EEEvhhh
                0x08000c38       0x34 CMakeFiles/new_lib.elf.dir/Core/Src/main.cpp.obj
                0x08000c38                void Gpio<1073872896ul, (unsigned char)9>::set_mode<(unsigned char)2>(unsigned char, unsigned char, unsigned char)
 .text._ZN4GpioILm1073872896ELh10EE8set_modeILh2EEEvhhh
                0x08000c6c       0x34 CMakeFiles/new_lib.elf.dir/Core/Src/main.cpp.obj
                0x08000c6c                void Gpio<1073872896ul, (unsigned char)10>::set_mode<(unsigned char)2>(unsigned char, unsigned char, unsigned char)
 .text._Z10ConfigPinsILh2EJ4GpioILm1073872896ELh9EES0_ILm1073872896ELh10EEEEvhhh
                0x08000ca0       0x18 CMakeFiles/new_lib.elf.dir/Core/Src/main.cpp.obj
                0x08000ca0                void ConfigPins<(unsigned char)2, Gpio<1073872896ul, (unsigned char)9>, Gpio<1073872896ul, (unsigned char)10> >(unsigned char, unsigned char, unsigned char)
 .text.main     0x08000cb8      0x11c CMakeFiles/new_lib.elf.dir/Core/Src/main.cpp.obj
                0x08000cb8                main
 .text._GLOBAL__sub_I_main
                0x08000dd4        0x8 CMakeFiles/new_lib.elf.dir/Core/Src/main.cpp.obj
 .text.NMI_Handler
                0x08000ddc        0x2 CMakeFiles/new_lib.elf.dir/Core/Src/stm32f4xx_it.c.obj
                0x08000ddc                NMI_Handler
 .text.HardFault_Handler
                0x08000dde        0x2 CMakeFiles/new_lib.elf.dir/Core/Src/stm32f4xx_it.c.obj
                0x08000dde                HardFault_Handler
 .text.MemManage_Handler
                0x08000de0        0x2 CMakeFiles/new_lib.elf.dir/Core/Src/stm32f4xx_it.c.obj
                0x08000de0                MemManage_Handler
 .text.BusFault_Handler
                0x08000de2        0x2 CMakeFiles/new_lib.elf.dir/Core/Src/stm32f4xx_it.c.obj
                0x08000de2                BusFault_Handler
 .text.UsageFault_Handler
                0x08000de4        0x2 CMakeFiles/new_lib.elf.dir/Core/Src/stm32f4xx_it.c.obj
                0x08000de4                UsageFault_Handler
 .text.SVC_Handler
                0x08000de6        0x2 CMakeFiles/new_lib.elf.dir/Core/Src/stm32f4xx_it.c.obj
                0x08000de6                SVC_Handler
 .text.DebugMon_Handler
                0x08000de8        0x2 CMakeFiles/new_lib.elf.dir/Core/Src/stm32f4xx_it.c.obj
                0x08000de8                DebugMon_Handler
 .text.PendSV_Handler
                0x08000dea        0x2 CMakeFiles/new_lib.elf.dir/Core/Src/stm32f4xx_it.c.obj
                0x08000dea                PendSV_Handler
 .text.SysTick_Handler
                0x08000dec        0x8 CMakeFiles/new_lib.elf.dir/Core/Src/stm32f4xx_it.c.obj
                0x08000dec                SysTick_Handler
 .text._getpid  0x08000df4        0x4 CMakeFiles/new_lib.elf.dir/Core/Src/syscalls.c.obj
                0x08000df4                _getpid
 .text._kill    0x08000df8       0x10 CMakeFiles/new_lib.elf.dir/Core/Src/syscalls.c.obj
                0x08000df8                _kill
 .text._exit    0x08000e08        0xc CMakeFiles/new_lib.elf.dir/Core/Src/syscalls.c.obj
                0x08000e08                _exit
 .text._sbrk    0x08000e14       0x48 CMakeFiles/new_lib.elf.dir/Core/Src/sysmem.c.obj
                0x08000e14                _sbrk
 .text.SystemInit
                0x08000e5c        0x2 CMakeFiles/new_lib.elf.dir/Core/Src/system_stm32f4xx.c.obj
                0x08000e5c                SystemInit
 *fill*         0x08000e5e        0x2 
 .text.Reset_Handler
                0x08000e60       0x50 CMakeFiles/new_lib.elf.dir/Core/Startup/startup_stm32f407zgtx.s.obj
                0x08000e60                Reset_Handler
 .text.Default_Handler
                0x08000eb0        0x2 CMakeFiles/new_lib.elf.dir/Core/Startup/startup_stm32f407zgtx.s.obj
                0x08000eb0                RTC_Alarm_IRQHandler
                0x08000eb0                HASH_RNG_IRQHandler
                0x08000eb0                TIM8_CC_IRQHandler
                0x08000eb0                TIM1_CC_IRQHandler
                0x08000eb0                DMA2_Stream5_IRQHandler
                0x08000eb0                DMA1_Stream5_IRQHandler
                0x08000eb0                PVD_IRQHandler
                0x08000eb0                SDIO_IRQHandler
                0x08000eb0                TAMP_STAMP_IRQHandler
                0x08000eb0                CAN2_RX1_IRQHandler
                0x08000eb0                TIM8_TRG_COM_TIM14_IRQHandler
                0x08000eb0                TIM1_UP_TIM10_IRQHandler
                0x08000eb0                TIM8_UP_TIM13_IRQHandler
                0x08000eb0                I2C3_ER_IRQHandler
                0x08000eb0                I2C2_EV_IRQHandler
                0x08000eb0                DMA1_Stream2_IRQHandler
                0x08000eb0                CAN1_RX0_IRQHandler
                0x08000eb0                FPU_IRQHandler
                0x08000eb0                OTG_HS_WKUP_IRQHandler
                0x08000eb0                CAN2_SCE_IRQHandler
                0x08000eb0                DMA2_Stream2_IRQHandler
                0x08000eb0                SPI1_IRQHandler
                0x08000eb0                TIM6_DAC_IRQHandler
                0x08000eb0                TIM1_BRK_TIM9_IRQHandler
                0x08000eb0                DCMI_IRQHandler
                0x08000eb0                CAN2_RX0_IRQHandler
                0x08000eb0                DMA2_Stream3_IRQHandler
                0x08000eb0                USART6_IRQHandler
                0x08000eb0                USART3_IRQHandler
                0x08000eb0                CAN1_RX1_IRQHandler
                0x08000eb0                UART5_IRQHandler
                0x08000eb0                DMA2_Stream0_IRQHandler
                0x08000eb0                TIM4_IRQHandler
                0x08000eb0                I2C1_EV_IRQHandler
                0x08000eb0                DMA1_Stream6_IRQHandler
                0x08000eb0                DMA1_Stream1_IRQHandler
                0x08000eb0                UART4_IRQHandler
                0x08000eb0                TIM3_IRQHandler
                0x08000eb0                RCC_IRQHandler
                0x08000eb0                TIM8_BRK_TIM12_IRQHandler
                0x08000eb0                Default_Handler
                0x08000eb0                ADC_IRQHandler
                0x08000eb0                DMA1_Stream7_IRQHandler
                0x08000eb0                TIM7_IRQHandler
                0x08000eb0                CAN2_TX_IRQHandler
                0x08000eb0                TIM5_IRQHandler
                0x08000eb0                DMA2_Stream7_IRQHandler
                0x08000eb0                I2C3_EV_IRQHandler
                0x08000eb0                RTC_WKUP_IRQHandler
                0x08000eb0                ETH_WKUP_IRQHandler
                0x08000eb0                SPI2_IRQHandler
                0x08000eb0                OTG_HS_EP1_IN_IRQHandler
                0x08000eb0                DMA1_Stream0_IRQHandler
                0x08000eb0                CAN1_TX_IRQHandler
                0x08000eb0                FSMC_IRQHandler
                0x08000eb0                ETH_IRQHandler
                0x08000eb0                OTG_HS_EP1_OUT_IRQHandler
                0x08000eb0                WWDG_IRQHandler
                0x08000eb0                TIM2_IRQHandler
                0x08000eb0                OTG_FS_WKUP_IRQHandler
                0x08000eb0                TIM1_TRG_COM_TIM11_IRQHandler
                0x08000eb0                OTG_HS_IRQHandler
                0x08000eb0                USART2_IRQHandler
                0x08000eb0                I2C2_ER_IRQHandler
                0x08000eb0                DMA2_Stream1_IRQHandler
                0x08000eb0                CAN1_SCE_IRQHandler
                0x08000eb0                FLASH_IRQHandler
                0x08000eb0                DMA2_Stream4_IRQHandler
                0x08000eb0                USART1_IRQHandler
                0x08000eb0                OTG_FS_IRQHandler
                0x08000eb0                SPI3_IRQHandler
                0x08000eb0                DMA1_Stream4_IRQHandler
                0x08000eb0                I2C1_ER_IRQHandler
                0x08000eb0                DMA2_Stream6_IRQHandler
                0x08000eb0                DMA1_Stream3_IRQHandler
 *fill*         0x08000eb2        0x2 
 .text.HAL_InitTick
                0x08000eb4       0x4c CMakeFiles/new_lib.elf.dir/Drivers/STM32F4xx_HAL_Driver/Src/stm32f4xx_hal.c.obj
                0x08000eb4                HAL_InitTick
 .text.HAL_IncTick
                0x08000f00       0x18 CMakeFiles/new_lib.elf.dir/Drivers/STM32F4xx_HAL_Driver/Src/stm32f4xx_hal.c.obj
                0x08000f00                HAL_IncTick
 .text.HAL_GetTick
                0x08000f18        0xc CMakeFiles/new_lib.elf.dir/Drivers/STM32F4xx_HAL_Driver/Src/stm32f4xx_hal.c.obj
                0x08000f18                HAL_GetTick
 .text.HAL_GetREVID
                0x08000f24        0xc CMakeFiles/new_lib.elf.dir/Drivers/STM32F4xx_HAL_Driver/Src/stm32f4xx_hal.c.obj
                0x08000f24                HAL_GetREVID
 .text.__NVIC_SetPriority
                0x08000f30       0x28 CMakeFiles/new_lib.elf.dir/Drivers/STM32F4xx_HAL_Driver/Src/stm32f4xx_hal_cortex.c.obj
 .text.NVIC_EncodePriority
                0x08000f58       0x3e CMakeFiles/new_lib.elf.dir/Drivers/STM32F4xx_HAL_Driver/Src/stm32f4xx_hal_cortex.c.obj
 *fill*         0x08000f96        0x2 
 .text.HAL_NVIC_SetPriorityGrouping
                0x08000f98       0x24 CMakeFiles/new_lib.elf.dir/Drivers/STM32F4xx_HAL_Driver/Src/stm32f4xx_hal_cortex.c.obj
                0x08000f98                HAL_NVIC_SetPriorityGrouping
 .text.HAL_NVIC_SetPriority
                0x08000fbc       0x20 CMakeFiles/new_lib.elf.dir/Drivers/STM32F4xx_HAL_Driver/Src/stm32f4xx_hal_cortex.c.obj
                0x08000fbc                HAL_NVIC_SetPriority
 .text.HAL_SYSTICK_Config
                0x08000fdc       0x28 CMakeFiles/new_lib.elf.dir/Drivers/STM32F4xx_HAL_Driver/Src/stm32f4xx_hal_cortex.c.obj
                0x08000fdc                HAL_SYSTICK_Config
 .text.HAL_GPIO_Init
                0x08001004      0x1f4 CMakeFiles/new_lib.elf.dir/Drivers/STM32F4xx_HAL_Driver/Src/stm32f4xx_hal_gpio.c.obj
                0x08001004                HAL_GPIO_Init
 .text.HAL_RCC_OscConfig
                0x080011f8      0x3f8 CMakeFiles/new_lib.elf.dir/Drivers/STM32F4xx_HAL_Driver/Src/stm32f4xx_hal_rcc.c.obj
                0x080011f8                HAL_RCC_OscConfig
 .text.HAL_RCC_GetSysClockFreq
                0x080015f0       0xd0 CMakeFiles/new_lib.elf.dir/Drivers/STM32F4xx_HAL_Driver/Src/stm32f4xx_hal_rcc.c.obj
                0x080015f0                HAL_RCC_GetSysClockFreq
 .text.HAL_RCC_ClockConfig
                0x080016c0      0x160 CMakeFiles/new_lib.elf.dir/Drivers/STM32F4xx_HAL_Driver/Src/stm32f4xx_hal_rcc.c.obj
                0x080016c0                HAL_RCC_ClockConfig
 .text.HAL_RCC_GetHCLKFreq
                0x08001820        0xc CMakeFiles/new_lib.elf.dir/Drivers/STM32F4xx_HAL_Driver/Src/stm32f4xx_hal_rcc.c.obj
                0x08001820                HAL_RCC_GetHCLKFreq
 .text.HAL_RCC_GetPCLK1Freq
                0x0800182c       0x20 CMakeFiles/new_lib.elf.dir/Drivers/STM32F4xx_HAL_Driver/Src/stm32f4xx_hal_rcc.c.obj
                0x0800182c                HAL_RCC_GetPCLK1Freq
 .text.HAL_RCC_GetPCLK2Freq
                0x0800184c       0x20 CMakeFiles/new_lib.elf.dir/Drivers/STM32F4xx_HAL_Driver/Src/stm32f4xx_hal_rcc.c.obj
                0x0800184c                HAL_RCC_GetPCLK2Freq
 .text.UART_SetConfig
                0x0800186c      0x110 CMakeFiles/new_lib.elf.dir/Drivers/STM32F4xx_HAL_Driver/Src/stm32f4xx_hal_uart.c.obj
 .text.HAL_UART_MspInit
                0x0800197c        0x2 CMakeFiles/new_lib.elf.dir/Drivers/STM32F4xx_HAL_Driver/Src/stm32f4xx_hal_uart.c.obj
                0x0800197c                HAL_UART_MspInit
 .text.HAL_UART_Init
                0x0800197e       0x5e CMakeFiles/new_lib.elf.dir/Drivers/STM32F4xx_HAL_Driver/Src/stm32f4xx_hal_uart.c.obj
                0x0800197e                HAL_UART_Init
 .text.EXTI0_IRQHandler
                0x080019dc       0x24 CMakeFiles/new_lib.elf.dir/Lib/BSP_lib/Gpio/Gpio.cpp.obj
                0x080019dc                EXTI0_IRQHandler
 .text.EXTI1_IRQHandler
                0x08001a00       0x24 CMakeFiles/new_lib.elf.dir/Lib/BSP_lib/Gpio/Gpio.cpp.obj
                0x08001a00                EXTI1_IRQHandler
 .text.EXTI2_IRQHandler
                0x08001a24       0x24 CMakeFiles/new_lib.elf.dir/Lib/BSP_lib/Gpio/Gpio.cpp.obj
                0x08001a24                EXTI2_IRQHandler
 .text.EXTI3_IRQHandler
                0x08001a48       0x24 CMakeFiles/new_lib.elf.dir/Lib/BSP_lib/Gpio/Gpio.cpp.obj
                0x08001a48                EXTI3_IRQHandler
 .text.EXTI4_IRQHandler
                0x08001a6c       0x24 CMakeFiles/new_lib.elf.dir/Lib/BSP_lib/Gpio/Gpio.cpp.obj
                0x08001a6c                EXTI4_IRQHandler
 .text.EXTI9_5_IRQHandler
                0x08001a90       0x38 CMakeFiles/new_lib.elf.dir/Lib/BSP_lib/Gpio/Gpio.cpp.obj
                0x08001a90                EXTI9_5_IRQHandler
 .text.EXTI15_10_IRQHandler
                0x08001ac8       0x38 CMakeFiles/new_lib.elf.dir/Lib/BSP_lib/Gpio/Gpio.cpp.obj
                0x08001ac8                EXTI15_10_IRQHandler
 .text._ZN3Rcc16calculate_clocksERNS_11ClockConfigEh
                0x08001b00       0x50 CMakeFiles/new_lib.elf.dir/Lib/BSP_lib/Rcc/Rcc.cpp.obj
                0x08001b00                Rcc::calculate_clocks(Rcc::ClockConfig&, unsigned char)
 .text._ZN10SysSetTick5delayEm
                0x08001b50       0x14 CMakeFiles/new_lib.elf.dir/Lib/BSP_lib/SysTick/SysTick.cpp.obj
                0x08001b50                SysSetTick::delay(unsigned long)
 .text._ZN10SysSetTick14sys_tick_setupEm
                0x08001b64       0x24 CMakeFiles/new_lib.elf.dir/Lib/BSP_lib/SysTick/SysTick.cpp.obj
                0x08001b64                SysSetTick::sys_tick_setup(unsigned long)
 .text._ZNK10__cxxabiv117__class_type_info11__do_upcastEPKS0_PPv
                0x08001b88       0x34 D:/13.3 rel1/bin/../lib/gcc/arm-none-eabi/13.3.1/thumb/v7e-m/nofp\libstdc++.a(class_type_info.o)
                0x08001b88                __cxxabiv1::__class_type_info::__do_upcast(__cxxabiv1::__class_type_info const*, void**) const
 .text._ZNK10__cxxabiv117__class_type_info20__do_find_public_srcEiPKvPKS0_S2_
                0x08001bbc        0xc D:/13.3 rel1/bin/../lib/gcc/arm-none-eabi/13.3.1/thumb/v7e-m/nofp\libstdc++.a(class_type_info.o)
                0x08001bbc                __cxxabiv1::__class_type_info::__do_find_public_src(int, void const*, __cxxabiv1::__class_type_info const*, void const*) const
 .text._ZN10__cxxabiv117__class_type_infoD2Ev
                0x08001bc8       0x14 D:/13.3 rel1/bin/../lib/gcc/arm-none-eabi/13.3.1/thumb/v7e-m/nofp\libstdc++.a(class_type_info.o)
                0x08001bc8                __cxxabiv1::__class_type_info::~__class_type_info()
                0x08001bc8                __cxxabiv1::__class_type_info::~__class_type_info()
 .text._ZN10__cxxabiv117__class_type_infoD0Ev
                0x08001bdc       0x1c D:/13.3 rel1/bin/../lib/gcc/arm-none-eabi/13.3.1/thumb/v7e-m/nofp\libstdc++.a(class_type_info.o)
                0x08001bdc                __cxxabiv1::__class_type_info::~__class_type_info()
 .text._ZNK10__cxxabiv117__class_type_info12__do_dyncastEiNS0_10__sub_kindEPKS0_PKvS3_S5_RNS0_16__dyncast_resultE
                0x08001bf8       0x44 D:/13.3 rel1/bin/../lib/gcc/arm-none-eabi/13.3.1/thumb/v7e-m/nofp\libstdc++.a(class_type_info.o)
                0x08001bf8                __cxxabiv1::__class_type_info::__do_dyncast(int, __cxxabiv1::__class_type_info::__sub_kind, __cxxabiv1::__class_type_info const*, void const*, __cxxabiv1::__class_type_info const*, void const*, __cxxabiv1::__class_type_info::__dyncast_result&) const
 .text._ZNK10__cxxabiv117__class_type_info11__do_upcastEPKS0_PKvRNS0_15__upcast_resultE
                0x08001c3c       0x1c D:/13.3 rel1/bin/../lib/gcc/arm-none-eabi/13.3.1/thumb/v7e-m/nofp\libstdc++.a(class_type_info.o)
                0x08001c3c                __cxxabiv1::__class_type_info::__do_upcast(__cxxabiv1::__class_type_info const*, void const*, __cxxabiv1::__class_type_info::__upcast_result&) const
 .text._ZNK10__cxxabiv117__class_type_info10__do_catchEPKSt9type_infoPPvj
                0x08001c58       0x2c D:/13.3 rel1/bin/../lib/gcc/arm-none-eabi/13.3.1/thumb/v7e-m/nofp\libstdc++.a(class_type_info.o)
                0x08001c58                __cxxabiv1::__class_type_info::__do_catch(std::type_info const*, void**, unsigned int) const
 .text._ZdlPvj  0x08001c84        0x4 D:/13.3 rel1/bin/../lib/gcc/arm-none-eabi/13.3.1/thumb/v7e-m/nofp\libstdc++.a(del_ops.o)
                0x08001c84                operator delete(void*, unsigned int)
 .text._ZN10__cxxabiv120__si_class_type_infoD2Ev
                0x08001c88       0x14 D:/13.3 rel1/bin/../lib/gcc/arm-none-eabi/13.3.1/thumb/v7e-m/nofp\libstdc++.a(si_class_type_info.o)
                0x08001c88                __cxxabiv1::__si_class_type_info::~__si_class_type_info()
                0x08001c88                __cxxabiv1::__si_class_type_info::~__si_class_type_info()
 .text._ZN10__cxxabiv120__si_class_type_infoD0Ev
                0x08001c9c       0x1c D:/13.3 rel1/bin/../lib/gcc/arm-none-eabi/13.3.1/thumb/v7e-m/nofp\libstdc++.a(si_class_type_info.o)
                0x08001c9c                __cxxabiv1::__si_class_type_info::~__si_class_type_info()
 .text._ZNK10__cxxabiv120__si_class_type_info20__do_find_public_srcEiPKvPKNS_17__class_type_infoES2_
                0x08001cb8       0x3c D:/13.3 rel1/bin/../lib/gcc/arm-none-eabi/13.3.1/thumb/v7e-m/nofp\libstdc++.a(si_class_type_info.o)
                0x08001cb8                __cxxabiv1::__si_class_type_info::__do_find_public_src(int, void const*, __cxxabiv1::__class_type_info const*, void const*) const
 .text._ZNK10__cxxabiv120__si_class_type_info12__do_dyncastEiNS_17__class_type_info10__sub_kindEPKS1_PKvS4_S6_RNS1_16__dyncast_resultE
                0x08001cf4       0x84 D:/13.3 rel1/bin/../lib/gcc/arm-none-eabi/13.3.1/thumb/v7e-m/nofp\libstdc++.a(si_class_type_info.o)
                0x08001cf4                __cxxabiv1::__si_class_type_info::__do_dyncast(int, __cxxabiv1::__class_type_info::__sub_kind, __cxxabiv1::__class_type_info const*, void const*, __cxxabiv1::__class_type_info const*, void const*, __cxxabiv1::__class_type_info::__dyncast_result&) const
 .text._ZNK10__cxxabiv120__si_class_type_info11__do_upcastEPKNS_17__class_type_infoEPKvRNS1_15__upcast_resultE
                0x08001d78       0x2c D:/13.3 rel1/bin/../lib/gcc/arm-none-eabi/13.3.1/thumb/v7e-m/nofp\libstdc++.a(si_class_type_info.o)
                0x08001d78                __cxxabiv1::__si_class_type_info::__do_upcast(__cxxabiv1::__class_type_info const*, void const*, __cxxabiv1::__class_type_info::__upcast_result&) const
 .text._ZNSt9type_infoD2Ev
                0x08001da4        0x4 D:/13.3 rel1/bin/../lib/gcc/arm-none-eabi/13.3.1/thumb/v7e-m/nofp\libstdc++.a(tinfo.o)
                0x08001da4                std::type_info::~type_info()
                0x08001da4                std::type_info::~type_info()
 .text._ZNKSt9type_info14__is_pointer_pEv
                0x08001da8        0x4 D:/13.3 rel1/bin/../lib/gcc/arm-none-eabi/13.3.1/thumb/v7e-m/nofp\libstdc++.a(tinfo.o)
                0x08001da8                std::type_info::__is_pointer_p() const
                0x08001da8                std::type_info::__is_function_p() const
 .text._ZNKSt9type_infoeqERKS_
                0x08001dac       0x2c D:/13.3 rel1/bin/../lib/gcc/arm-none-eabi/13.3.1/thumb/v7e-m/nofp\libstdc++.a(tinfo.o)
                0x08001dac                std::type_info::operator==(std::type_info const&) const
                0x08001dac                std::type_info::__equal(std::type_info const&) const
 .text._ZdlPv   0x08001dd8        0x4 D:/13.3 rel1/bin/../lib/gcc/arm-none-eabi/13.3.1/thumb/v7e-m/nofp\libstdc++.a(del_op.o)
                0x08001dd8                operator delete(void*)
 .text.__udivmoddi4
                0x08001ddc      0x2bc D:/13.3 rel1/bin/../lib/gcc/arm-none-eabi/13.3.1/thumb/v7e-m/nofp\libgcc.a(_udivmoddi4.o)
                0x08001ddc                __udivmoddi4
 .text.selfrel_offset31
                0x08002098       0x14 D:/13.3 rel1/bin/../lib/gcc/arm-none-eabi/13.3.1/thumb/v7e-m/nofp\libgcc.a(unwind-arm.o)
 .text.search_EIT_table
                0x080020ac       0x68 D:/13.3 rel1/bin/../lib/gcc/arm-none-eabi/13.3.1/thumb/v7e-m/nofp\libgcc.a(unwind-arm.o)
 .text.__gnu_unwind_get_pr_addr
                0x08002114       0x28 D:/13.3 rel1/bin/../lib/gcc/arm-none-eabi/13.3.1/thumb/v7e-m/nofp\libgcc.a(unwind-arm.o)
 .text.get_eit_entry
                0x0800213c       0x98 D:/13.3 rel1/bin/../lib/gcc/arm-none-eabi/13.3.1/thumb/v7e-m/nofp\libgcc.a(unwind-arm.o)
 .text.restore_non_core_regs
                0x080021d4       0x58 D:/13.3 rel1/bin/../lib/gcc/arm-none-eabi/13.3.1/thumb/v7e-m/nofp\libgcc.a(unwind-arm.o)
 .text._Unwind_decode_typeinfo_ptr.constprop.0
                0x0800222c        0xc D:/13.3 rel1/bin/../lib/gcc/arm-none-eabi/13.3.1/thumb/v7e-m/nofp\libgcc.a(unwind-arm.o)
 .text._Unwind_DebugHook
                0x08002238        0x4 D:/13.3 rel1/bin/../lib/gcc/arm-none-eabi/13.3.1/thumb/v7e-m/nofp\libgcc.a(unwind-arm.o)
 .text.unwind_phase2
                0x0800223c       0x3c D:/13.3 rel1/bin/../lib/gcc/arm-none-eabi/13.3.1/thumb/v7e-m/nofp\libgcc.a(unwind-arm.o)
 .text.unwind_phase2_forced
                0x08002278       0xd8 D:/13.3 rel1/bin/../lib/gcc/arm-none-eabi/13.3.1/thumb/v7e-m/nofp\libgcc.a(unwind-arm.o)
 .text.__gnu_Unwind_RaiseException
                0x08002350       0x68 D:/13.3 rel1/bin/../lib/gcc/arm-none-eabi/13.3.1/thumb/v7e-m/nofp\libgcc.a(unwind-arm.o)
                0x08002350                __gnu_Unwind_RaiseException
 .text.__gnu_Unwind_ForcedUnwind
                0x080023b8       0x10 D:/13.3 rel1/bin/../lib/gcc/arm-none-eabi/13.3.1/thumb/v7e-m/nofp\libgcc.a(unwind-arm.o)
                0x080023b8                __gnu_Unwind_ForcedUnwind
 .text.__gnu_Unwind_Resume
                0x080023c8       0x44 D:/13.3 rel1/bin/../lib/gcc/arm-none-eabi/13.3.1/thumb/v7e-m/nofp\libgcc.a(unwind-arm.o)
                0x080023c8                __gnu_Unwind_Resume
 .text.__gnu_Unwind_Resume_or_Rethrow
                0x0800240c       0x14 D:/13.3 rel1/bin/../lib/gcc/arm-none-eabi/13.3.1/thumb/v7e-m/nofp\libgcc.a(unwind-arm.o)
                0x0800240c                __gnu_Unwind_Resume_or_Rethrow
 .text._Unwind_VRS_Get
                0x08002420       0x34 D:/13.3 rel1/bin/../lib/gcc/arm-none-eabi/13.3.1/thumb/v7e-m/nofp\libgcc.a(unwind-arm.o)
                0x08002420                _Unwind_VRS_Get
 .text._Unwind_GetGR
                0x08002454       0x1c D:/13.3 rel1/bin/../lib/gcc/arm-none-eabi/13.3.1/thumb/v7e-m/nofp\libgcc.a(unwind-arm.o)
 .text._Unwind_VRS_Set
                0x08002470       0x34 D:/13.3 rel1/bin/../lib/gcc/arm-none-eabi/13.3.1/thumb/v7e-m/nofp\libgcc.a(unwind-arm.o)
                0x08002470                _Unwind_VRS_Set
 .text._Unwind_SetGR
                0x080024a4       0x18 D:/13.3 rel1/bin/../lib/gcc/arm-none-eabi/13.3.1/thumb/v7e-m/nofp\libgcc.a(unwind-arm.o)
 .text.__gnu_Unwind_Backtrace
                0x080024bc       0x84 D:/13.3 rel1/bin/../lib/gcc/arm-none-eabi/13.3.1/thumb/v7e-m/nofp\libgcc.a(unwind-arm.o)
                0x080024bc                __gnu_Unwind_Backtrace
 .text.__gnu_unwind_pr_common
                0x08002540      0x2a4 D:/13.3 rel1/bin/../lib/gcc/arm-none-eabi/13.3.1/thumb/v7e-m/nofp\libgcc.a(unwind-arm.o)
 .text.__aeabi_unwind_cpp_pr0
                0x080027e4        0x8 D:/13.3 rel1/bin/../lib/gcc/arm-none-eabi/13.3.1/thumb/v7e-m/nofp\libgcc.a(unwind-arm.o)
                0x080027e4                __aeabi_unwind_cpp_pr0
 .text.__aeabi_unwind_cpp_pr1
                0x080027ec        0x8 D:/13.3 rel1/bin/../lib/gcc/arm-none-eabi/13.3.1/thumb/v7e-m/nofp\libgcc.a(unwind-arm.o)
                0x080027ec                __aeabi_unwind_cpp_pr1
 .text.__aeabi_unwind_cpp_pr2
                0x080027f4        0x8 D:/13.3 rel1/bin/../lib/gcc/arm-none-eabi/13.3.1/thumb/v7e-m/nofp\libgcc.a(unwind-arm.o)
                0x080027f4                __aeabi_unwind_cpp_pr2
 .text._Unwind_VRS_Pop
                0x080027fc      0x2f0 D:/13.3 rel1/bin/../lib/gcc/arm-none-eabi/13.3.1/thumb/v7e-m/nofp\libgcc.a(unwind-arm.o)
                0x080027fc                _Unwind_VRS_Pop
 .text.next_unwind_byte
                0x08002aec       0x38 D:/13.3 rel1/bin/../lib/gcc/arm-none-eabi/13.3.1/thumb/v7e-m/nofp\libgcc.a(pr-support.o)
 .text.__gnu_unwind_execute
                0x08002b24      0x2fc D:/13.3 rel1/bin/../lib/gcc/arm-none-eabi/13.3.1/thumb/v7e-m/nofp\libgcc.a(pr-support.o)
                0x08002b24                __gnu_unwind_execute
 .text.abort    0x08002e20       0x10 D:/13.3 rel1/bin/../lib/gcc/arm-none-eabi/13.3.1/thumb/v7e-m/nofp\libg.a(libc_a-abort.o)
                0x08002e20                abort
 .text.free     0x08002e30       0x10 D:/13.3 rel1/bin/../lib/gcc/arm-none-eabi/13.3.1/thumb/v7e-m/nofp\libg.a(libc_a-malloc.o)
                0x08002e30                free
 .text.__malloc_lock
                0x08002e40        0xc D:/13.3 rel1/bin/../lib/gcc/arm-none-eabi/13.3.1/thumb/v7e-m/nofp\libg.a(libc_a-mlock.o)
                0x08002e40                __malloc_lock
 .text.__malloc_unlock
                0x08002e4c        0xc D:/13.3 rel1/bin/../lib/gcc/arm-none-eabi/13.3.1/thumb/v7e-m/nofp\libg.a(libc_a-mlock.o)
                0x08002e4c                __malloc_unlock
 .text.memset   0x08002e58       0xa4 D:/13.3 rel1/bin/../lib/gcc/arm-none-eabi/13.3.1/thumb/v7e-m/nofp\libg.a(libc_a-memset.o)
                0x08002e58                memset
 .text.raise    0x08002efc       0x58 D:/13.3 rel1/bin/../lib/gcc/arm-none-eabi/13.3.1/thumb/v7e-m/nofp\libg.a(libc_a-signal.o)
                0x08002efc                raise
 .text._kill_r  0x08002f54       0x2c D:/13.3 rel1/bin/../lib/gcc/arm-none-eabi/13.3.1/thumb/v7e-m/nofp\libg.a(libc_a-signalr.o)
                0x08002f54                _kill_r
 .text._getpid_r
                0x08002f80        0x4 D:/13.3 rel1/bin/../lib/gcc/arm-none-eabi/13.3.1/thumb/v7e-m/nofp\libg.a(libc_a-signalr.o)
                0x08002f80                _getpid_r
 .text._sbrk_r  0x08002f84       0x24 D:/13.3 rel1/bin/../lib/gcc/arm-none-eabi/13.3.1/thumb/v7e-m/nofp\libg.a(libc_a-sbrkr.o)
                0x08002f84                _sbrk_r
 .text.__errno  0x08002fa8        0xc D:/13.3 rel1/bin/../lib/gcc/arm-none-eabi/13.3.1/thumb/v7e-m/nofp\libg.a(libc_a-errno.o)
                0x08002fa8                __errno
 .text.__libc_init_array
                0x08002fb4       0x50 D:/13.3 rel1/bin/../lib/gcc/arm-none-eabi/13.3.1/thumb/v7e-m/nofp\libg.a(libc_a-init.o)
                0x08002fb4                __libc_init_array
 .text.__retarget_lock_acquire_recursive
                0x08003004        0x4 D:/13.3 rel1/bin/../lib/gcc/arm-none-eabi/13.3.1/thumb/v7e-m/nofp\libg.a(libc_a-lock.o)
                0x08003004                __retarget_lock_acquire_recursive
 .text.__retarget_lock_release_recursive
                0x08003008        0x4 D:/13.3 rel1/bin/../lib/gcc/arm-none-eabi/13.3.1/thumb/v7e-m/nofp\libg.a(libc_a-lock.o)
                0x08003008                __retarget_lock_release_recursive
 .text.sysconf  0x0800300c       0x1c D:/13.3 rel1/bin/../lib/gcc/arm-none-eabi/13.3.1/thumb/v7e-m/nofp\libg.a(libc_a-sysconf.o)
                0x0800300c                sysconf
 .text.startup.register_fini
                0x08003028       0x14 D:/13.3 rel1/bin/../lib/gcc/arm-none-eabi/13.3.1/thumb/v7e-m/nofp\libg.a(libc_a-__call_atexit.o)
 .text.atexit   0x0800303c        0xc D:/13.3 rel1/bin/../lib/gcc/arm-none-eabi/13.3.1/thumb/v7e-m/nofp\libg.a(libc_a-atexit.o)
                0x0800303c                atexit
 .text._malloc_trim_r
                0x08003048       0xb8 D:/13.3 rel1/bin/../lib/gcc/arm-none-eabi/13.3.1/thumb/v7e-m/nofp\libg.a(libc_a-freer.o)
                0x08003048                _malloc_trim_r
 .text._free_r  0x08003100      0x1f8 D:/13.3 rel1/bin/../lib/gcc/arm-none-eabi/13.3.1/thumb/v7e-m/nofp\libg.a(libc_a-freer.o)
                0x08003100                _free_r
 .text.__libc_fini_array
                0x080032f8       0x28 D:/13.3 rel1/bin/../lib/gcc/arm-none-eabi/13.3.1/thumb/v7e-m/nofp\libg.a(libc_a-fini.o)
                0x080032f8                __libc_fini_array
 .text.__register_exitproc
                0x08003320       0x80 D:/13.3 rel1/bin/../lib/gcc/arm-none-eabi/13.3.1/thumb/v7e-m/nofp\libg.a(libc_a-__atexit.o)
                0x08003320                __register_exitproc
 *(.glue_7)
 .glue_7        0x080033a0        0x0 linker stubs
 *(.glue_7t)
 .glue_7t       0x080033a0        0x0 linker stubs
 *(.eh_frame)
 .eh_frame      0x080033a0        0x0 D:/13.3 rel1/bin/../lib/gcc/arm-none-eabi/13.3.1/thumb/v7e-m/nofp/crtbegin.o
 *(.init)
 .init          0x080033a0        0x4 D:/13.3 rel1/bin/../lib/gcc/arm-none-eabi/13.3.1/thumb/v7e-m/nofp/crti.o
                0x080033a0                _init
 .init          0x080033a4        0x8 D:/13.3 rel1/bin/../lib/gcc/arm-none-eabi/13.3.1/thumb/v7e-m/nofp/crtn.o
 *(.fini)
 .fini          0x080033ac        0x4 D:/13.3 rel1/bin/../lib/gcc/arm-none-eabi/13.3.1/thumb/v7e-m/nofp/crti.o
                0x080033ac                _fini
 .fini          0x080033b0        0x8 D:/13.3 rel1/bin/../lib/gcc/arm-none-eabi/13.3.1/thumb/v7e-m/nofp/crtn.o
                0x080033b8                        . = ALIGN (0x4)
                0x080033b8                        _etext = .

.vfp11_veneer   0x080033b8        0x0
 .vfp11_veneer  0x080033b8        0x0 linker stubs

.v4_bx          0x080033b8        0x0
 .v4_bx         0x080033b8        0x0 linker stubs

.iplt           0x080033b8        0x0
 .iplt          0x080033b8        0x0 D:/13.3 rel1/bin/../lib/gcc/arm-none-eabi/13.3.1/thumb/v7e-m/nofp/crtbegin.o

.rodata         0x080033b8      0x250
                0x080033b8                        . = ALIGN (0x4)
 *(.rodata)
 *(.rodata*)
 .rodata.main.str1.4
                0x080033b8        0xd CMakeFiles/new_lib.elf.dir/Core/Src/main.cpp.obj
 *fill*         0x080033c5        0x3 
 .rodata._ZTS11BitOperator
                0x080033c8        0xe CMakeFiles/new_lib.elf.dir/Core/Src/main.cpp.obj
                0x080033c8                typeinfo name for BitOperator
 *fill*         0x080033d6        0x2 
 .rodata._ZTI11BitOperator
                0x080033d8        0x8 CMakeFiles/new_lib.elf.dir/Core/Src/main.cpp.obj
                0x080033d8                typeinfo for BitOperator
 .rodata._ZTSN6SerialILm1073811456EE5TeBitE
                0x080033e0       0x1f CMakeFiles/new_lib.elf.dir/Core/Src/main.cpp.obj
                0x080033e0                typeinfo name for Serial<1073811456ul>::TeBit
 *fill*         0x080033ff        0x1 
 .rodata._ZTIN6SerialILm1073811456EE5TeBitE
                0x08003400        0xc CMakeFiles/new_lib.elf.dir/Core/Src/main.cpp.obj
                0x08003400                typeinfo for Serial<1073811456ul>::TeBit
 .rodata._ZTSN6SerialILm1073811456EE5ReBitE
                0x0800340c       0x1f CMakeFiles/new_lib.elf.dir/Core/Src/main.cpp.obj
                0x0800340c                typeinfo name for Serial<1073811456ul>::ReBit
 *fill*         0x0800342b        0x1 
 .rodata._ZTIN6SerialILm1073811456EE5ReBitE
                0x0800342c        0xc CMakeFiles/new_lib.elf.dir/Core/Src/main.cpp.obj
                0x0800342c                typeinfo for Serial<1073811456ul>::ReBit
 .rodata._ZTSN4GpioILm1073878016ELh10EE10GpioOdrBitE
                0x08003438       0x28 CMakeFiles/new_lib.elf.dir/Core/Src/main.cpp.obj
                0x08003438                typeinfo name for Gpio<1073878016ul, (unsigned char)10>::GpioOdrBit
 .rodata._ZTIN4GpioILm1073878016ELh10EE10GpioOdrBitE
                0x08003460        0xc CMakeFiles/new_lib.elf.dir/Core/Src/main.cpp.obj
                0x08003460                typeinfo for Gpio<1073878016ul, (unsigned char)10>::GpioOdrBit
 .rodata._ZTSN4GpioILm1073876992ELh2EE10GpioIdrBitE
                0x0800346c       0x27 CMakeFiles/new_lib.elf.dir/Core/Src/main.cpp.obj
                0x0800346c                typeinfo name for Gpio<1073876992ul, (unsigned char)2>::GpioIdrBit
 *fill*         0x08003493        0x1 
 .rodata._ZTIN4GpioILm1073876992ELh2EE10GpioIdrBitE
                0x08003494        0xc CMakeFiles/new_lib.elf.dir/Core/Src/main.cpp.obj
                0x08003494                typeinfo for Gpio<1073876992ul, (unsigned char)2>::GpioIdrBit
 .rodata._ZTSN4GpioILm1073878016ELh9EE10GpioOdrBitE
                0x080034a0       0x27 CMakeFiles/new_lib.elf.dir/Core/Src/main.cpp.obj
                0x080034a0                typeinfo name for Gpio<1073878016ul, (unsigned char)9>::GpioOdrBit
 *fill*         0x080034c7        0x1 
 .rodata._ZTIN4GpioILm1073878016ELh9EE10GpioOdrBitE
                0x080034c8        0xc CMakeFiles/new_lib.elf.dir/Core/Src/main.cpp.obj
                0x080034c8                typeinfo for Gpio<1073878016ul, (unsigned char)9>::GpioOdrBit
 .rodata._ZTV11BitOperator
                0x080034d4        0xc CMakeFiles/new_lib.elf.dir/Core/Src/main.cpp.obj
                0x080034d4                vtable for BitOperator
 .rodata._ZTVN6SerialILm1073811456EE5TeBitE
                0x080034e0        0xc CMakeFiles/new_lib.elf.dir/Core/Src/main.cpp.obj
                0x080034e0                vtable for Serial<1073811456ul>::TeBit
 .rodata._ZTVN6SerialILm1073811456EE5ReBitE
                0x080034ec        0xc CMakeFiles/new_lib.elf.dir/Core/Src/main.cpp.obj
                0x080034ec                vtable for Serial<1073811456ul>::ReBit
 .rodata._ZTVN4GpioILm1073878016ELh10EE10GpioOdrBitE
                0x080034f8        0xc CMakeFiles/new_lib.elf.dir/Core/Src/main.cpp.obj
                0x080034f8                vtable for Gpio<1073878016ul, (unsigned char)10>::GpioOdrBit
 .rodata._ZTVN4GpioILm1073876992ELh2EE10GpioIdrBitE
                0x08003504        0xc CMakeFiles/new_lib.elf.dir/Core/Src/main.cpp.obj
                0x08003504                vtable for Gpio<1073876992ul, (unsigned char)2>::GpioIdrBit
 .rodata._ZTVN4GpioILm1073878016ELh9EE10GpioOdrBitE
                0x08003510        0xc CMakeFiles/new_lib.elf.dir/Core/Src/main.cpp.obj
                0x08003510                vtable for Gpio<1073878016ul, (unsigned char)9>::GpioOdrBit
 .rodata.APBPrescTable
                0x0800351c        0x8 CMakeFiles/new_lib.elf.dir/Core/Src/system_stm32f4xx.c.obj
                0x0800351c                APBPrescTable
 .rodata.AHBPrescTable
                0x08003524       0x10 CMakeFiles/new_lib.elf.dir/Core/Src/system_stm32f4xx.c.obj
                0x08003524                AHBPrescTable
 .rodata._ZTSN10__cxxabiv117__class_type_infoE
                0x08003534       0x22 D:/13.3 rel1/bin/../lib/gcc/arm-none-eabi/13.3.1/thumb/v7e-m/nofp\libstdc++.a(class_type_info.o)
                0x08003534                typeinfo name for __cxxabiv1::__class_type_info
 *fill*         0x08003556        0x2 
 .rodata._ZTIN10__cxxabiv117__class_type_infoE
                0x08003558        0xc D:/13.3 rel1/bin/../lib/gcc/arm-none-eabi/13.3.1/thumb/v7e-m/nofp\libstdc++.a(class_type_info.o)
                0x08003558                typeinfo for __cxxabiv1::__class_type_info
 .rodata._ZTVN10__cxxabiv117__class_type_infoE
                0x08003564       0x2c D:/13.3 rel1/bin/../lib/gcc/arm-none-eabi/13.3.1/thumb/v7e-m/nofp\libstdc++.a(class_type_info.o)
                0x08003564                vtable for __cxxabiv1::__class_type_info
 .rodata._ZTSN10__cxxabiv120__si_class_type_infoE
                0x08003590       0x25 D:/13.3 rel1/bin/../lib/gcc/arm-none-eabi/13.3.1/thumb/v7e-m/nofp\libstdc++.a(si_class_type_info.o)
                0x08003590                typeinfo name for __cxxabiv1::__si_class_type_info
 *fill*         0x080035b5        0x3 
 .rodata._ZTIN10__cxxabiv120__si_class_type_infoE
                0x080035b8        0xc D:/13.3 rel1/bin/../lib/gcc/arm-none-eabi/13.3.1/thumb/v7e-m/nofp\libstdc++.a(si_class_type_info.o)
                0x080035b8                typeinfo for __cxxabiv1::__si_class_type_info
 .rodata._ZTVN10__cxxabiv120__si_class_type_infoE
                0x080035c4       0x2c D:/13.3 rel1/bin/../lib/gcc/arm-none-eabi/13.3.1/thumb/v7e-m/nofp\libstdc++.a(si_class_type_info.o)
                0x080035c4                vtable for __cxxabiv1::__si_class_type_info
 .rodata._ZTSSt9type_info
                0x080035f0        0xd D:/13.3 rel1/bin/../lib/gcc/arm-none-eabi/13.3.1/thumb/v7e-m/nofp\libstdc++.a(tinfo.o)
                0x080035f0                typeinfo name for std::type_info
 *fill*         0x080035fd        0x3 
 .rodata._ZTISt9type_info
                0x08003600        0x8 D:/13.3 rel1/bin/../lib/gcc/arm-none-eabi/13.3.1/thumb/v7e-m/nofp\libstdc++.a(tinfo.o)
                0x08003600                typeinfo for std::type_info
                0x08003608                        . = ALIGN (0x4)

.ARM.extab      0x08003608       0x54
                0x08003608                        . = ALIGN (0x4)
 *(.ARM.extab* .gnu.linkonce.armextab.*)
 .ARM.extab.text._ZN11BitOperatoraSEh
                0x08003608        0x0 CMakeFiles/new_lib.elf.dir/Core/Src/main.cpp.obj
 .ARM.extab.text._ZN6SerialILm1073811456EE5TeBitaSEh
                0x08003608        0x0 CMakeFiles/new_lib.elf.dir/Core/Src/main.cpp.obj
 .ARM.extab.text._ZN6SerialILm1073811456EE5ReBitaSEh
                0x08003608        0x0 CMakeFiles/new_lib.elf.dir/Core/Src/main.cpp.obj
 .ARM.extab.text._ZN12SerialHelperILm1073811456EE5clockEb
                0x08003608        0x0 CMakeFiles/new_lib.elf.dir/Core/Src/main.cpp.obj
 .ARM.extab.text._ZN3Rcc11clock_setupILh1EEEiRNS_11ClockConfigE
                0x08003608        0x0 CMakeFiles/new_lib.elf.dir/Core/Src/main.cpp.obj
 .ARM.extab.text._ZN4GpioILm1073876992ELh2EE12clock_enableEv
                0x08003608        0x0 CMakeFiles/new_lib.elf.dir/Core/Src/main.cpp.obj
 .ARM.extab.text._ZN4GpioILm1073872896ELh0EE12clock_enableEv
                0x08003608        0x0 CMakeFiles/new_lib.elf.dir/Core/Src/main.cpp.obj
 .ARM.extab.text._ZN6SerialILm1073811456EE14default_configEm
                0x08003608        0x0 CMakeFiles/new_lib.elf.dir/Core/Src/main.cpp.obj
 .ARM.extab.text._ZN10GpioHelperILm1073878016ELh0EE5clockEb
                0x08003608        0x0 CMakeFiles/new_lib.elf.dir/Core/Src/main.cpp.obj
 .ARM.extab.text._ZN4GpioILm1073872896ELh0EE4Over9verify_itEv
                0x08003608        0xc CMakeFiles/new_lib.elf.dir/Core/Src/main.cpp.obj
 .ARM.extab.text._ZN4GpioILm1073872896ELh0EE33enable_interrupt_from_exti_risingEmm
                0x08003614        0xc CMakeFiles/new_lib.elf.dir/Core/Src/main.cpp.obj
 .ARM.extab.text._ZN6SerialILm1073811456EE8put_charEh
                0x08003620        0x0 CMakeFiles/new_lib.elf.dir/Core/Src/main.cpp.obj
 .ARM.extab.text._ZN6SerialILm1073811456EE8transmitEPKch
                0x08003620        0x0 CMakeFiles/new_lib.elf.dir/Core/Src/main.cpp.obj
 .ARM.extab.text._ZN4GpioILm1073878016ELh9EE8set_modeILh1EEEvhhh
                0x08003620        0x0 CMakeFiles/new_lib.elf.dir/Core/Src/main.cpp.obj
 .ARM.extab.text._ZN4GpioILm1073872896ELh9EE8set_modeILh2EEEvhhh
                0x08003620        0x0 CMakeFiles/new_lib.elf.dir/Core/Src/main.cpp.obj
 .ARM.extab.text._ZN4GpioILm1073872896ELh10EE8set_modeILh2EEEvhhh
                0x08003620        0x0 CMakeFiles/new_lib.elf.dir/Core/Src/main.cpp.obj
 .ARM.extab.text._Z10ConfigPinsILh2EJ4GpioILm1073872896ELh9EES0_ILm1073872896ELh10EEEEvhhh
                0x08003620        0x0 CMakeFiles/new_lib.elf.dir/Core/Src/main.cpp.obj
 .ARM.extab.text.EXTI0_IRQHandler
                0x08003620        0xc CMakeFiles/new_lib.elf.dir/Lib/BSP_lib/Gpio/Gpio.cpp.obj
 .ARM.extab.text.EXTI1_IRQHandler
                0x0800362c        0xc CMakeFiles/new_lib.elf.dir/Lib/BSP_lib/Gpio/Gpio.cpp.obj
 .ARM.extab.text.EXTI2_IRQHandler
                0x08003638        0xc CMakeFiles/new_lib.elf.dir/Lib/BSP_lib/Gpio/Gpio.cpp.obj
 .ARM.extab.text.EXTI3_IRQHandler
                0x08003644        0xc CMakeFiles/new_lib.elf.dir/Lib/BSP_lib/Gpio/Gpio.cpp.obj
 .ARM.extab.text.EXTI4_IRQHandler
                0x08003650        0xc CMakeFiles/new_lib.elf.dir/Lib/BSP_lib/Gpio/Gpio.cpp.obj
                0x0800365c                        . = ALIGN (0x4)

.ARM            0x0800365c      0x128
                0x0800365c                        . = ALIGN (0x4)
                0x0800365c                        __exidx_start = .
 *(.ARM.exidx*)
 .ARM.exidx     0x0800365c        0x8 D:/13.3 rel1/bin/../lib/gcc/arm-none-eabi/13.3.1/thumb/v7e-m/nofp\libg.a(libc_a-strcmp.o)
 .ARM.exidx     0x08003664        0x0 D:/13.3 rel1/bin/../lib/gcc/arm-none-eabi/13.3.1/thumb/v7e-m/nofp\libg.a(libc_a-memcpy.o)
                                  0x8 (size before relaxing)
 .ARM.exidx.text._ZN11BitOperatoraSEh
                0x08003664        0x0 CMakeFiles/new_lib.elf.dir/Core/Src/main.cpp.obj
                                  0x8 (size before relaxing)
 .ARM.exidx.text._ZZ4mainENUlvE_4_FUNEv
                0x08003664        0x0 CMakeFiles/new_lib.elf.dir/Core/Src/main.cpp.obj
                                  0x8 (size before relaxing)
 .ARM.exidx.text._ZN6SerialILm1073811456EE5TeBitaSEh
                0x08003664        0x0 CMakeFiles/new_lib.elf.dir/Core/Src/main.cpp.obj
                                  0x8 (size before relaxing)
 .ARM.exidx.text._Z41__static_initialization_and_destruction_0v
                0x08003664        0x0 CMakeFiles/new_lib.elf.dir/Core/Src/main.cpp.obj
                                  0x8 (size before relaxing)
 .ARM.exidx.text._ZN6SerialILm1073811456EE5ReBitaSEh
                0x08003664        0x0 CMakeFiles/new_lib.elf.dir/Core/Src/main.cpp.obj
                                  0x8 (size before relaxing)
 .ARM.exidx.text._ZN12SerialHelperILm1073811456EE5clockEb
                0x08003664        0x0 CMakeFiles/new_lib.elf.dir/Core/Src/main.cpp.obj
                                  0x8 (size before relaxing)
 .ARM.exidx.text._ZN3Rcc11clock_setupILh1EEEiRNS_11ClockConfigE
                0x08003664        0x8 CMakeFiles/new_lib.elf.dir/Core/Src/main.cpp.obj
 .ARM.exidx.text._ZN4GpioILm1073876992ELh2EE12clock_enableEv
                0x0800366c        0x8 CMakeFiles/new_lib.elf.dir/Core/Src/main.cpp.obj
 .ARM.exidx.text._ZN4GpioILm1073872896ELh0EE12clock_enableEv
                0x08003674        0x0 CMakeFiles/new_lib.elf.dir/Core/Src/main.cpp.obj
                                  0x8 (size before relaxing)
 .ARM.exidx.text._ZN6SerialILm1073811456EE14default_configEm
                0x08003674        0x0 CMakeFiles/new_lib.elf.dir/Core/Src/main.cpp.obj
                                  0x8 (size before relaxing)
 .ARM.exidx.text._ZN10GpioHelperILm1073878016ELh0EE5clockEb
                0x08003674        0x0 CMakeFiles/new_lib.elf.dir/Core/Src/main.cpp.obj
                                  0x8 (size before relaxing)
 .ARM.exidx.text._ZN4GpioILm1073872896ELh0EE4Over9verify_itEv
                0x08003674        0x8 CMakeFiles/new_lib.elf.dir/Core/Src/main.cpp.obj
 .ARM.exidx.text._ZN4GpioILm1073872896ELh0EE33enable_interrupt_from_exti_risingEmm
                0x0800367c        0x8 CMakeFiles/new_lib.elf.dir/Core/Src/main.cpp.obj
 .ARM.exidx.text._ZN6SerialILm1073811456EE8put_charEh
                0x08003684        0x8 CMakeFiles/new_lib.elf.dir/Core/Src/main.cpp.obj
 .ARM.exidx.text._ZN6SerialILm1073811456EE8transmitEPKch
                0x0800368c        0x0 CMakeFiles/new_lib.elf.dir/Core/Src/main.cpp.obj
                                  0x8 (size before relaxing)
 .ARM.exidx.text._ZN4GpioILm1073878016ELh9EE8set_modeILh1EEEvhhh
                0x0800368c        0x8 CMakeFiles/new_lib.elf.dir/Core/Src/main.cpp.obj
 .ARM.exidx.text._ZN4GpioILm1073872896ELh9EE8set_modeILh2EEEvhhh
                0x08003694        0x0 CMakeFiles/new_lib.elf.dir/Core/Src/main.cpp.obj
                                  0x8 (size before relaxing)
 .ARM.exidx.text._ZN4GpioILm1073872896ELh10EE8set_modeILh2EEEvhhh
                0x08003694        0x0 CMakeFiles/new_lib.elf.dir/Core/Src/main.cpp.obj
                                  0x8 (size before relaxing)
 .ARM.exidx.text._Z10ConfigPinsILh2EJ4GpioILm1073872896ELh9EES0_ILm1073872896ELh10EEEEvhhh
                0x08003694        0x8 CMakeFiles/new_lib.elf.dir/Core/Src/main.cpp.obj
 .ARM.exidx.text.main
                0x0800369c        0x8 CMakeFiles/new_lib.elf.dir/Core/Src/main.cpp.obj
 .ARM.exidx.text._GLOBAL__sub_I_main
                0x080036a4        0x8 CMakeFiles/new_lib.elf.dir/Core/Src/main.cpp.obj
 .ARM.exidx.text.EXTI0_IRQHandler
                0x080036ac        0x8 CMakeFiles/new_lib.elf.dir/Lib/BSP_lib/Gpio/Gpio.cpp.obj
 .ARM.exidx.text.EXTI1_IRQHandler
                0x080036b4        0x8 CMakeFiles/new_lib.elf.dir/Lib/BSP_lib/Gpio/Gpio.cpp.obj
 .ARM.exidx.text.EXTI2_IRQHandler
                0x080036bc        0x8 CMakeFiles/new_lib.elf.dir/Lib/BSP_lib/Gpio/Gpio.cpp.obj
 .ARM.exidx.text.EXTI3_IRQHandler
                0x080036c4        0x8 CMakeFiles/new_lib.elf.dir/Lib/BSP_lib/Gpio/Gpio.cpp.obj
 .ARM.exidx.text.EXTI4_IRQHandler
                0x080036cc        0x8 CMakeFiles/new_lib.elf.dir/Lib/BSP_lib/Gpio/Gpio.cpp.obj
 .ARM.exidx.text.EXTI9_5_IRQHandler
                0x080036d4        0x8 CMakeFiles/new_lib.elf.dir/Lib/BSP_lib/Gpio/Gpio.cpp.obj
 .ARM.exidx.text.EXTI15_10_IRQHandler
                0x080036dc        0x0 CMakeFiles/new_lib.elf.dir/Lib/BSP_lib/Gpio/Gpio.cpp.obj
                                  0x8 (size before relaxing)
 .ARM.exidx.text._ZN3Rcc16calculate_clocksERNS_11ClockConfigEh
                0x080036dc        0x8 CMakeFiles/new_lib.elf.dir/Lib/BSP_lib/Rcc/Rcc.cpp.obj
 .ARM.exidx.text._ZN10SysSetTick5delayEm
                0x080036e4        0x0 CMakeFiles/new_lib.elf.dir/Lib/BSP_lib/SysTick/SysTick.cpp.obj
                                  0x8 (size before relaxing)
 .ARM.exidx.text._ZN10SysSetTick14sys_tick_setupEm
                0x080036e4        0x0 CMakeFiles/new_lib.elf.dir/Lib/BSP_lib/SysTick/SysTick.cpp.obj
                                  0x8 (size before relaxing)
 .ARM.exidx.text._ZNK10__cxxabiv117__class_type_info11__do_upcastEPKS0_PPv
                0x080036e4        0x8 D:/13.3 rel1/bin/../lib/gcc/arm-none-eabi/13.3.1/thumb/v7e-m/nofp\libstdc++.a(class_type_info.o)
 .ARM.exidx.text._ZNK10__cxxabiv117__class_type_info20__do_find_public_srcEiPKvPKS0_S2_
                0x080036ec        0x8 D:/13.3 rel1/bin/../lib/gcc/arm-none-eabi/13.3.1/thumb/v7e-m/nofp\libstdc++.a(class_type_info.o)
 .ARM.exidx.text._ZN10__cxxabiv117__class_type_infoD2Ev
                0x080036f4        0x0 D:/13.3 rel1/bin/../lib/gcc/arm-none-eabi/13.3.1/thumb/v7e-m/nofp\libstdc++.a(class_type_info.o)
                                  0x8 (size before relaxing)
 .ARM.exidx.text._ZN10__cxxabiv117__class_type_infoD0Ev
                0x080036f4        0x0 D:/13.3 rel1/bin/../lib/gcc/arm-none-eabi/13.3.1/thumb/v7e-m/nofp\libstdc++.a(class_type_info.o)
                                  0x8 (size before relaxing)
 .ARM.exidx.text._ZNK10__cxxabiv117__class_type_info12__do_dyncastEiNS0_10__sub_kindEPKS0_PKvS3_S5_RNS0_16__dyncast_resultE
                0x080036f4        0x0 D:/13.3 rel1/bin/../lib/gcc/arm-none-eabi/13.3.1/thumb/v7e-m/nofp\libstdc++.a(class_type_info.o)
                                  0x8 (size before relaxing)
 .ARM.exidx.text._ZNK10__cxxabiv117__class_type_info11__do_upcastEPKS0_PKvRNS0_15__upcast_resultE
                0x080036f4        0x0 D:/13.3 rel1/bin/../lib/gcc/arm-none-eabi/13.3.1/thumb/v7e-m/nofp\libstdc++.a(class_type_info.o)
                                  0x8 (size before relaxing)
 .ARM.exidx.text._ZNK10__cxxabiv117__class_type_info10__do_catchEPKSt9type_infoPPvj
                0x080036f4        0x0 D:/13.3 rel1/bin/../lib/gcc/arm-none-eabi/13.3.1/thumb/v7e-m/nofp\libstdc++.a(class_type_info.o)
                                  0x8 (size before relaxing)
 .ARM.exidx.text._ZdlPvj
                0x080036f4        0x0 D:/13.3 rel1/bin/../lib/gcc/arm-none-eabi/13.3.1/thumb/v7e-m/nofp\libstdc++.a(del_ops.o)
                                  0x8 (size before relaxing)
 .ARM.exidx.text._ZN10__cxxabiv120__si_class_type_infoD2Ev
                0x080036f4        0x0 D:/13.3 rel1/bin/../lib/gcc/arm-none-eabi/13.3.1/thumb/v7e-m/nofp\libstdc++.a(si_class_type_info.o)
                                  0x8 (size before relaxing)
 .ARM.exidx.text._ZN10__cxxabiv120__si_class_type_infoD0Ev
                0x080036f4        0x0 D:/13.3 rel1/bin/../lib/gcc/arm-none-eabi/13.3.1/thumb/v7e-m/nofp\libstdc++.a(si_class_type_info.o)
                                  0x8 (size before relaxing)
 .ARM.exidx.text._ZNK10__cxxabiv120__si_class_type_info20__do_find_public_srcEiPKvPKNS_17__class_type_infoES2_
                0x080036f4        0x0 D:/13.3 rel1/bin/../lib/gcc/arm-none-eabi/13.3.1/thumb/v7e-m/nofp\libstdc++.a(si_class_type_info.o)
                                  0x8 (size before relaxing)
 .ARM.exidx.text._ZNK10__cxxabiv120__si_class_type_info12__do_dyncastEiNS_17__class_type_info10__sub_kindEPKS1_PKvS4_S6_RNS1_16__dyncast_resultE
                0x080036f4        0x0 D:/13.3 rel1/bin/../lib/gcc/arm-none-eabi/13.3.1/thumb/v7e-m/nofp\libstdc++.a(si_class_type_info.o)
                                  0x8 (size before relaxing)
 .ARM.exidx.text._ZNK10__cxxabiv120__si_class_type_info11__do_upcastEPKNS_17__class_type_infoEPKvRNS1_15__upcast_resultE
                0x080036f4        0x8 D:/13.3 rel1/bin/../lib/gcc/arm-none-eabi/13.3.1/thumb/v7e-m/nofp\libstdc++.a(si_class_type_info.o)
 .ARM.exidx.text._ZNSt9type_infoD2Ev
                0x080036fc        0x8 D:/13.3 rel1/bin/../lib/gcc/arm-none-eabi/13.3.1/thumb/v7e-m/nofp\libstdc++.a(tinfo.o)
 .ARM.exidx.text._ZNKSt9type_info14__is_pointer_pEv
                0x08003704        0x0 D:/13.3 rel1/bin/../lib/gcc/arm-none-eabi/13.3.1/thumb/v7e-m/nofp\libstdc++.a(tinfo.o)
                                  0x8 (size before relaxing)
 .ARM.exidx.text._ZNKSt9type_infoeqERKS_
                0x08003704        0x0 D:/13.3 rel1/bin/../lib/gcc/arm-none-eabi/13.3.1/thumb/v7e-m/nofp\libstdc++.a(tinfo.o)
                                  0x8 (size before relaxing)
 .ARM.exidx.text._ZdlPv
                0x08003704        0x0 D:/13.3 rel1/bin/../lib/gcc/arm-none-eabi/13.3.1/thumb/v7e-m/nofp\libstdc++.a(del_op.o)
                                  0x8 (size before relaxing)
 .ARM.exidx.text.__udivmoddi4
                0x08003704        0x0 D:/13.3 rel1/bin/../lib/gcc/arm-none-eabi/13.3.1/thumb/v7e-m/nofp\libgcc.a(_udivmoddi4.o)
                                  0x8 (size before relaxing)
 .ARM.exidx.text.selfrel_offset31
                0x08003704        0x0 D:/13.3 rel1/bin/../lib/gcc/arm-none-eabi/13.3.1/thumb/v7e-m/nofp\libgcc.a(unwind-arm.o)
                                  0x8 (size before relaxing)
 .ARM.exidx.text.search_EIT_table
                0x08003704        0x0 D:/13.3 rel1/bin/../lib/gcc/arm-none-eabi/13.3.1/thumb/v7e-m/nofp\libgcc.a(unwind-arm.o)
                                  0x8 (size before relaxing)
 .ARM.exidx.text.__gnu_unwind_get_pr_addr
                0x08003704        0x0 D:/13.3 rel1/bin/../lib/gcc/arm-none-eabi/13.3.1/thumb/v7e-m/nofp\libgcc.a(unwind-arm.o)
                                  0x8 (size before relaxing)
 .ARM.exidx.text.get_eit_entry
                0x08003704        0x8 D:/13.3 rel1/bin/../lib/gcc/arm-none-eabi/13.3.1/thumb/v7e-m/nofp\libgcc.a(unwind-arm.o)
 .ARM.exidx.text.restore_non_core_regs
                0x0800370c        0x8 D:/13.3 rel1/bin/../lib/gcc/arm-none-eabi/13.3.1/thumb/v7e-m/nofp\libgcc.a(unwind-arm.o)
 .ARM.exidx.text._Unwind_decode_typeinfo_ptr.constprop.0
                0x08003714        0x8 D:/13.3 rel1/bin/../lib/gcc/arm-none-eabi/13.3.1/thumb/v7e-m/nofp\libgcc.a(unwind-arm.o)
 .ARM.exidx.text._Unwind_DebugHook
                0x0800371c        0x0 D:/13.3 rel1/bin/../lib/gcc/arm-none-eabi/13.3.1/thumb/v7e-m/nofp\libgcc.a(unwind-arm.o)
                                  0x8 (size before relaxing)
 .ARM.exidx.text.unwind_phase2
                0x0800371c        0x8 D:/13.3 rel1/bin/../lib/gcc/arm-none-eabi/13.3.1/thumb/v7e-m/nofp\libgcc.a(unwind-arm.o)
 .ARM.exidx.text.unwind_phase2_forced
                0x08003724        0x8 D:/13.3 rel1/bin/../lib/gcc/arm-none-eabi/13.3.1/thumb/v7e-m/nofp\libgcc.a(unwind-arm.o)
 .ARM.exidx.text.__gnu_Unwind_RaiseException
                0x0800372c        0x8 D:/13.3 rel1/bin/../lib/gcc/arm-none-eabi/13.3.1/thumb/v7e-m/nofp\libgcc.a(unwind-arm.o)
 .ARM.exidx.text.__gnu_Unwind_ForcedUnwind
                0x08003734        0x8 D:/13.3 rel1/bin/../lib/gcc/arm-none-eabi/13.3.1/thumb/v7e-m/nofp\libgcc.a(unwind-arm.o)
 .ARM.exidx.text.__gnu_Unwind_Resume
                0x0800373c        0x8 D:/13.3 rel1/bin/../lib/gcc/arm-none-eabi/13.3.1/thumb/v7e-m/nofp\libgcc.a(unwind-arm.o)
 .ARM.exidx.text.__gnu_Unwind_Resume_or_Rethrow
                0x08003744        0x8 D:/13.3 rel1/bin/../lib/gcc/arm-none-eabi/13.3.1/thumb/v7e-m/nofp\libgcc.a(unwind-arm.o)
 .ARM.exidx.text._Unwind_VRS_Get
                0x0800374c        0x0 D:/13.3 rel1/bin/../lib/gcc/arm-none-eabi/13.3.1/thumb/v7e-m/nofp\libgcc.a(unwind-arm.o)
                                  0x8 (size before relaxing)
 .ARM.exidx.text._Unwind_GetGR
                0x0800374c        0x0 D:/13.3 rel1/bin/../lib/gcc/arm-none-eabi/13.3.1/thumb/v7e-m/nofp\libgcc.a(unwind-arm.o)
                                  0x8 (size before relaxing)
 .ARM.exidx.text._Unwind_VRS_Set
                0x0800374c        0x0 D:/13.3 rel1/bin/../lib/gcc/arm-none-eabi/13.3.1/thumb/v7e-m/nofp\libgcc.a(unwind-arm.o)
                                  0x8 (size before relaxing)
 .ARM.exidx.text._Unwind_SetGR
                0x0800374c        0x0 D:/13.3 rel1/bin/../lib/gcc/arm-none-eabi/13.3.1/thumb/v7e-m/nofp\libgcc.a(unwind-arm.o)
                                  0x8 (size before relaxing)
 .ARM.exidx.text.__gnu_Unwind_Backtrace
                0x0800374c        0x8 D:/13.3 rel1/bin/../lib/gcc/arm-none-eabi/13.3.1/thumb/v7e-m/nofp\libgcc.a(unwind-arm.o)
 .ARM.exidx.text.__gnu_unwind_pr_common
                0x08003754        0x8 D:/13.3 rel1/bin/../lib/gcc/arm-none-eabi/13.3.1/thumb/v7e-m/nofp\libgcc.a(unwind-arm.o)
 .ARM.exidx.text.__aeabi_unwind_cpp_pr0
                0x0800375c        0x8 D:/13.3 rel1/bin/../lib/gcc/arm-none-eabi/13.3.1/thumb/v7e-m/nofp\libgcc.a(unwind-arm.o)
 .ARM.exidx.text.__aeabi_unwind_cpp_pr1
                0x08003764        0x0 D:/13.3 rel1/bin/../lib/gcc/arm-none-eabi/13.3.1/thumb/v7e-m/nofp\libgcc.a(unwind-arm.o)
                                  0x8 (size before relaxing)
 .ARM.exidx.text.__aeabi_unwind_cpp_pr2
                0x08003764        0x0 D:/13.3 rel1/bin/../lib/gcc/arm-none-eabi/13.3.1/thumb/v7e-m/nofp\libgcc.a(unwind-arm.o)
                                  0x8 (size before relaxing)
 .ARM.exidx.text._Unwind_VRS_Pop
                0x08003764        0x8 D:/13.3 rel1/bin/../lib/gcc/arm-none-eabi/13.3.1/thumb/v7e-m/nofp\libgcc.a(unwind-arm.o)
 .ARM.exidx.text.next_unwind_byte
                0x0800376c        0x8 D:/13.3 rel1/bin/../lib/gcc/arm-none-eabi/13.3.1/thumb/v7e-m/nofp\libgcc.a(pr-support.o)
 .ARM.exidx.text.__gnu_unwind_execute
                0x08003774       0x10 D:/13.3 rel1/bin/../lib/gcc/arm-none-eabi/13.3.1/thumb/v7e-m/nofp\libgcc.a(pr-support.o)
                                  0x8 (size before relaxing)
                0x08003784                        __exidx_end = .
                0x08003784                        . = ALIGN (0x4)

.rel.dyn        0x08003784        0x0
 .rel.iplt      0x08003784        0x0 D:/13.3 rel1/bin/../lib/gcc/arm-none-eabi/13.3.1/thumb/v7e-m/nofp/crtbegin.o

.preinit_array  0x08003784        0x0
                0x08003784                        . = ALIGN (0x4)
                0x08003784                        PROVIDE (__preinit_array_start = .)
 *(.preinit_array*)
                0x08003784                        PROVIDE (__preinit_array_end = .)
                0x08003784                        . = ALIGN (0x4)

.init_array     0x08003784        0xc
                0x08003784                        . = ALIGN (0x4)
                0x08003784                        PROVIDE (__init_array_start = .)
 *(SORT_BY_NAME(.init_array.*))
 .init_array.00000
                0x08003784        0x4 D:/13.3 rel1/bin/../lib/gcc/arm-none-eabi/13.3.1/thumb/v7e-m/nofp\libg.a(libc_a-__call_atexit.o)
 *(.init_array*)
 .init_array    0x08003788        0x4 D:/13.3 rel1/bin/../lib/gcc/arm-none-eabi/13.3.1/thumb/v7e-m/nofp/crtbegin.o
 .init_array    0x0800378c        0x4 CMakeFiles/new_lib.elf.dir/Core/Src/main.cpp.obj
                0x08003790                        PROVIDE (__init_array_end = .)
                0x08003790                        . = ALIGN (0x4)

.fini_array     0x08003790        0x4
                0x08003790                        . = ALIGN (0x4)
                0x08003790                        PROVIDE (__fini_array_start = .)
 *(SORT_BY_NAME(.fini_array.*))
 *(.fini_array*)
 .fini_array    0x08003790        0x4 D:/13.3 rel1/bin/../lib/gcc/arm-none-eabi/13.3.1/thumb/v7e-m/nofp/crtbegin.o
                0x08003794                        PROVIDE (__fini_array_end = .)
                0x08003794                        . = ALIGN (0x4)
                0x08003794                        _sidata = LOADADDR (.data)

.data           0x20000000      0x594 load address 0x08003794
                0x20000000                        . = ALIGN (0x4)
                0x20000000                        _sdata = .
 *(.data)
 *(.data*)
 .data._ZN4GpioILm1073872896ELh10EE9instance_E
                0x20000000        0x4 CMakeFiles/new_lib.elf.dir/Core/Src/main.cpp.obj
                0x20000000                Gpio<1073872896ul, (unsigned char)10>::instance_
 .data._ZN4GpioILm1073872896ELh9EE9instance_E
                0x20000004        0x4 CMakeFiles/new_lib.elf.dir/Core/Src/main.cpp.obj
                0x20000004                Gpio<1073872896ul, (unsigned char)9>::instance_
 .data._ZN4GpioILm1073878016ELh9EE9instance_E
                0x20000008        0x4 CMakeFiles/new_lib.elf.dir/Core/Src/main.cpp.obj
                0x20000008                Gpio<1073878016ul, (unsigned char)9>::instance_
 .data._ZN4GpioILm1073872896ELh0EE9instance_E
                0x2000000c        0x4 CMakeFiles/new_lib.elf.dir/Core/Src/main.cpp.obj
                0x2000000c                Gpio<1073872896ul, (unsigned char)0>::instance_
 .data._ZN4GpioILm1073876992ELh2EE9instance_E
                0x20000010        0x4 CMakeFiles/new_lib.elf.dir/Core/Src/main.cpp.obj
                0x20000010                Gpio<1073876992ul, (unsigned char)2>::instance_
 .data._ZN4GpioILm1073878016ELh10EE9instance_E
                0x20000014        0x4 CMakeFiles/new_lib.elf.dir/Core/Src/main.cpp.obj
                0x20000014                Gpio<1073878016ul, (unsigned char)10>::instance_
 .data.SystemCoreClock
                0x20000018        0x4 CMakeFiles/new_lib.elf.dir/Core/Src/system_stm32f4xx.c.obj
                0x20000018                SystemCoreClock
 .data.uwTickFreq
                0x2000001c        0x1 CMakeFiles/new_lib.elf.dir/Drivers/STM32F4xx_HAL_Driver/Src/stm32f4xx_hal.c.obj
                0x2000001c                uwTickFreq
 *fill*         0x2000001d        0x3 
 .data.uwTickPrio
                0x20000020        0x4 CMakeFiles/new_lib.elf.dir/Drivers/STM32F4xx_HAL_Driver/Src/stm32f4xx_hal.c.obj
                0x20000020                uwTickPrio
 .data._ZN3Rcc20default_clock_configE
                0x20000024       0x10 CMakeFiles/new_lib.elf.dir/Lib/BSP_lib/Rcc/Rcc.cpp.obj
                0x20000024                Rcc::default_clock_config
 .data.__malloc_sbrk_base
                0x20000034        0x4 D:/13.3 rel1/bin/../lib/gcc/arm-none-eabi/13.3.1/thumb/v7e-m/nofp\libg.a(libc_a-mallocr.o)
                0x20000034                __malloc_sbrk_base
 .data.__malloc_trim_threshold
                0x20000038        0x4 D:/13.3 rel1/bin/../lib/gcc/arm-none-eabi/13.3.1/thumb/v7e-m/nofp\libg.a(libc_a-mallocr.o)
                0x20000038                __malloc_trim_threshold
 *fill*         0x2000003c        0x4 
 .data.__malloc_av_
                0x20000040      0x408 D:/13.3 rel1/bin/../lib/gcc/arm-none-eabi/13.3.1/thumb/v7e-m/nofp\libg.a(libc_a-mallocr.o)
                0x20000040                __malloc_av_
 .data._impure_ptr
                0x20000448        0x4 D:/13.3 rel1/bin/../lib/gcc/arm-none-eabi/13.3.1/thumb/v7e-m/nofp\libg.a(libc_a-impure.o)
                0x20000448                _impure_ptr
 *fill*         0x2000044c        0x4 
 .data._impure_data
                0x20000450      0x140 D:/13.3 rel1/bin/../lib/gcc/arm-none-eabi/13.3.1/thumb/v7e-m/nofp\libg.a(libc_a-impure.o)
                0x20000450                _impure_data
 .data.__atexit_recursive_mutex
                0x20000590        0x4 D:/13.3 rel1/bin/../lib/gcc/arm-none-eabi/13.3.1/thumb/v7e-m/nofp\libg.a(libc_a-__call_atexit.o)
                0x20000590                __atexit_recursive_mutex
 *(.RamFunc)
 *(.RamFunc*)
                0x20000594                        . = ALIGN (0x4)
                0x20000594                        _edata = .
                0x08003d28                        _siccmram = LOADADDR (.ccmram)

.tm_clone_table
                0x20000594        0x0 load address 0x08003d28
 .tm_clone_table
                0x20000594        0x0 D:/13.3 rel1/bin/../lib/gcc/arm-none-eabi/13.3.1/thumb/v7e-m/nofp/crtbegin.o
 .tm_clone_table
                0x20000594        0x0 D:/13.3 rel1/bin/../lib/gcc/arm-none-eabi/13.3.1/thumb/v7e-m/nofp/crtend.o

.igot.plt       0x20000594        0x0 load address 0x08003d28
 .igot.plt      0x20000594        0x0 D:/13.3 rel1/bin/../lib/gcc/arm-none-eabi/13.3.1/thumb/v7e-m/nofp/crtbegin.o

.ccmram         0x10000000        0x0 load address 0x08003d28
                0x10000000                        . = ALIGN (0x4)
                0x10000000                        _sccmram = .
 *(.ccmram)
 *(.ccmram*)
                0x10000000                        . = ALIGN (0x4)
                0x10000000                        _eccmram = .
                0x10000000                        . = ALIGN (0x4)

.bss            0x20000594      0x4bc
                0x20000594                        _sbss = .
                0x20000594                        __bss_start__ = _sbss
 *(.bss)
 *(.bss*)
 .bss.completed.1
                0x20000594        0x1 D:/13.3 rel1/bin/../lib/gcc/arm-none-eabi/13.3.1/thumb/v7e-m/nofp/crtbegin.o
 *fill*         0x20000595        0x3 
 .bss.object.0  0x20000598       0x18 D:/13.3 rel1/bin/../lib/gcc/arm-none-eabi/13.3.1/thumb/v7e-m/nofp/crtbegin.o
 .bss._ZN4GpioILm1073872896ELh10EE16gpio_initTypeDefE
                0x200005b0       0x14 CMakeFiles/new_lib.elf.dir/Core/Src/main.cpp.obj
                0x200005b0                Gpio<1073872896ul, (unsigned char)10>::gpio_initTypeDef
 .bss._ZN4GpioILm1073872896ELh9EE16gpio_initTypeDefE
                0x200005c4       0x14 CMakeFiles/new_lib.elf.dir/Core/Src/main.cpp.obj
                0x200005c4                Gpio<1073872896ul, (unsigned char)9>::gpio_initTypeDef
 .bss._ZN4GpioILm1073878016ELh9EE16gpio_initTypeDefE
                0x200005d8       0x14 CMakeFiles/new_lib.elf.dir/Core/Src/main.cpp.obj
                0x200005d8                Gpio<1073878016ul, (unsigned char)9>::gpio_initTypeDef
 .bss._ZN4GpioILm1073872896ELh0EE16gpio_initTypeDefE
                0x200005ec       0x14 CMakeFiles/new_lib.elf.dir/Core/Src/main.cpp.obj
                0x200005ec                Gpio<1073872896ul, (unsigned char)0>::gpio_initTypeDef
 .bss._ZN4GpioILm1073876992ELh2EE16gpio_initTypeDefE
                0x20000600       0x14 CMakeFiles/new_lib.elf.dir/Core/Src/main.cpp.obj
                0x20000600                Gpio<1073876992ul, (unsigned char)2>::gpio_initTypeDef
 .bss._ZN4GpioILm1073878016ELh10EE16gpio_initTypeDefE
                0x20000614       0x14 CMakeFiles/new_lib.elf.dir/Core/Src/main.cpp.obj
                0x20000614                Gpio<1073878016ul, (unsigned char)10>::gpio_initTypeDef
 .bss._ZN6SerialILm1073811456EE18serial_initTypeDefE
                0x20000628       0x44 CMakeFiles/new_lib.elf.dir/Core/Src/main.cpp.obj
                0x20000628                Serial<1073811456ul>::serial_initTypeDef
 .bss._ZGVN6SerialILm1073811456EE5reBitE
                0x2000066c        0x4 CMakeFiles/new_lib.elf.dir/Core/Src/main.cpp.obj
                0x2000066c                guard variable for Serial<1073811456ul>::reBit
 .bss._ZGVN6SerialILm1073811456EE5teBitE
                0x20000670        0x4 CMakeFiles/new_lib.elf.dir/Core/Src/main.cpp.obj
                0x20000670                guard variable for Serial<1073811456ul>::teBit
 .bss._ZGVN4GpioILm1073878016ELh9EE6odrBitE
                0x20000674        0x4 CMakeFiles/new_lib.elf.dir/Core/Src/main.cpp.obj
                0x20000674                guard variable for Gpio<1073878016ul, (unsigned char)9>::odrBit
 .bss._ZGVN4GpioILm1073876992ELh2EE6idrBitE
                0x20000678        0x4 CMakeFiles/new_lib.elf.dir/Core/Src/main.cpp.obj
                0x20000678                guard variable for Gpio<1073876992ul, (unsigned char)2>::idrBit
 .bss._ZGVN4GpioILm1073878016ELh10EE6odrBitE
                0x2000067c        0x4 CMakeFiles/new_lib.elf.dir/Core/Src/main.cpp.obj
                0x2000067c                guard variable for Gpio<1073878016ul, (unsigned char)10>::odrBit
 .bss._ZN6SerialILm1073811456EE5reBitE
                0x20000680       0x10 CMakeFiles/new_lib.elf.dir/Core/Src/main.cpp.obj
                0x20000680                Serial<1073811456ul>::reBit
 .bss._ZN6SerialILm1073811456EE5teBitE
                0x20000690       0x10 CMakeFiles/new_lib.elf.dir/Core/Src/main.cpp.obj
                0x20000690                Serial<1073811456ul>::teBit
 .bss._ZN4GpioILm1073878016ELh9EE6odrBitE
                0x200006a0       0x10 CMakeFiles/new_lib.elf.dir/Core/Src/main.cpp.obj
                0x200006a0                Gpio<1073878016ul, (unsigned char)9>::odrBit
 .bss._ZN4GpioILm1073876992ELh2EE6idrBitE
                0x200006b0       0x10 CMakeFiles/new_lib.elf.dir/Core/Src/main.cpp.obj
                0x200006b0                Gpio<1073876992ul, (unsigned char)2>::idrBit
 .bss._ZN4GpioILm1073878016ELh10EE6odrBitE
                0x200006c0       0x10 CMakeFiles/new_lib.elf.dir/Core/Src/main.cpp.obj
                0x200006c0                Gpio<1073878016ul, (unsigned char)10>::odrBit
 .bss.__sbrk_heap_end
                0x200006d0        0x4 CMakeFiles/new_lib.elf.dir/Core/Src/sysmem.c.obj
 .bss.uwTick    0x200006d4        0x4 CMakeFiles/new_lib.elf.dir/Drivers/STM32F4xx_HAL_Driver/Src/stm32f4xx_hal.c.obj
                0x200006d4                uwTick
 .bss.function  0x200006d8       0x40 CMakeFiles/new_lib.elf.dir/Lib/BSP_lib/Gpio/Gpio.cpp.obj
                0x200006d8                function
 .bss._ZN3Rcc7clocks_E
                0x20000718       0x34 CMakeFiles/new_lib.elf.dir/Lib/BSP_lib/Rcc/Rcc.cpp.obj
                0x20000718                Rcc::clocks_
 .bss.__malloc_current_mallinfo
                0x2000074c       0x28 D:/13.3 rel1/bin/../lib/gcc/arm-none-eabi/13.3.1/thumb/v7e-m/nofp\libg.a(libc_a-mallocr.o)
                0x2000074c                __malloc_current_mallinfo
 .bss.__malloc_top_pad
                0x20000774        0x4 D:/13.3 rel1/bin/../lib/gcc/arm-none-eabi/13.3.1/thumb/v7e-m/nofp\libg.a(libc_a-mallocr.o)
                0x20000774                __malloc_top_pad
 .bss.__sf      0x20000778      0x138 D:/13.3 rel1/bin/../lib/gcc/arm-none-eabi/13.3.1/thumb/v7e-m/nofp\libg.a(libc_a-findfp.o)
                0x20000778                __sf
 .bss.errno     0x200008b0        0x4 D:/13.3 rel1/bin/../lib/gcc/arm-none-eabi/13.3.1/thumb/v7e-m/nofp\libg.a(libc_a-reent.o)
                0x200008b0                errno
 .bss.__lock___malloc_recursive_mutex
                0x200008b4        0x1 D:/13.3 rel1/bin/../lib/gcc/arm-none-eabi/13.3.1/thumb/v7e-m/nofp\libg.a(libc_a-lock.o)
                0x200008b4                __lock___malloc_recursive_mutex
 *fill*         0x200008b5        0x3 
 .bss.__lock___atexit_recursive_mutex
                0x200008b8        0x1 D:/13.3 rel1/bin/../lib/gcc/arm-none-eabi/13.3.1/thumb/v7e-m/nofp\libg.a(libc_a-lock.o)
                0x200008b8                __lock___atexit_recursive_mutex
 *fill*         0x200008b9        0x3 
 .bss.__atexit  0x200008bc        0x4 D:/13.3 rel1/bin/../lib/gcc/arm-none-eabi/13.3.1/thumb/v7e-m/nofp\libg.a(libc_a-__call_atexit.o)
                0x200008bc                __atexit
 .bss.__atexit0
                0x200008c0      0x190 D:/13.3 rel1/bin/../lib/gcc/arm-none-eabi/13.3.1/thumb/v7e-m/nofp\libg.a(libc_a-__atexit.o)
                0x200008c0                __atexit0
 *(COMMON)
                0x20000a50                        . = ALIGN (0x4)
                0x20000a50                        _ebss = .
                0x20000a50                        __bss_end__ = _ebss

._user_heap_stack
                0x20000a50      0x600
                0x20000a50                        . = ALIGN (0x8)
                [!provide]                        PROVIDE (end = .)
                0x20000a50                        PROVIDE (_end = .)
                0x20000c50                        . = (. + _Min_Heap_Size)
 *fill*         0x20000a50      0x200 
                0x20001050                        . = (. + _Min_Stack_Size)
 *fill*         0x20000c50      0x400 
                0x20001050                        . = ALIGN (0x8)

/DISCARD/
 libc.a(*)
 libm.a(*)
 libgcc.a(*)

.ARM.attributes
                0x00000000       0x2a
 *(.ARM.attributes)
 .ARM.attributes
                0x00000000       0x1e D:/13.3 rel1/bin/../lib/gcc/arm-none-eabi/13.3.1/thumb/v7e-m/nofp/crti.o
 .ARM.attributes
                0x0000001e       0x2e D:/13.3 rel1/bin/../lib/gcc/arm-none-eabi/13.3.1/thumb/v7e-m/nofp/crtbegin.o
 .ARM.attributes
                0x0000004c       0x2e CMakeFiles/new_lib.elf.dir/Core/Src/main.cpp.obj
 .ARM.attributes
                0x0000007a       0x2e CMakeFiles/new_lib.elf.dir/Core/Src/stm32f4xx_it.c.obj
 .ARM.attributes
                0x000000a8       0x2e CMakeFiles/new_lib.elf.dir/Core/Src/syscalls.c.obj
 .ARM.attributes
                0x000000d6       0x2e CMakeFiles/new_lib.elf.dir/Core/Src/sysmem.c.obj
 .ARM.attributes
                0x00000104       0x2e CMakeFiles/new_lib.elf.dir/Core/Src/system_stm32f4xx.c.obj
 .ARM.attributes
                0x00000132       0x21 CMakeFiles/new_lib.elf.dir/Core/Startup/startup_stm32f407zgtx.s.obj
 .ARM.attributes
                0x00000153       0x2e CMakeFiles/new_lib.elf.dir/Drivers/STM32F4xx_HAL_Driver/Src/stm32f4xx_hal.c.obj
 .ARM.attributes
                0x00000181       0x2e CMakeFiles/new_lib.elf.dir/Drivers/STM32F4xx_HAL_Driver/Src/stm32f4xx_hal_cortex.c.obj
 .ARM.attributes
                0x000001af       0x2e CMakeFiles/new_lib.elf.dir/Drivers/STM32F4xx_HAL_Driver/Src/stm32f4xx_hal_gpio.c.obj
 .ARM.attributes
                0x000001dd       0x2e CMakeFiles/new_lib.elf.dir/Drivers/STM32F4xx_HAL_Driver/Src/stm32f4xx_hal_rcc.c.obj
 .ARM.attributes
                0x0000020b       0x2e CMakeFiles/new_lib.elf.dir/Drivers/STM32F4xx_HAL_Driver/Src/stm32f4xx_hal_uart.c.obj
 .ARM.attributes
                0x00000239       0x2e CMakeFiles/new_lib.elf.dir/Lib/BSP_lib/Gpio/Gpio.cpp.obj
 .ARM.attributes
                0x00000267       0x2e CMakeFiles/new_lib.elf.dir/Lib/BSP_lib/Rcc/Rcc.cpp.obj
 .ARM.attributes
                0x00000295       0x2e CMakeFiles/new_lib.elf.dir/Lib/BSP_lib/SysTick/SysTick.cpp.obj
 .ARM.attributes
                0x000002c3       0x2e D:/13.3 rel1/bin/../lib/gcc/arm-none-eabi/13.3.1/thumb/v7e-m/nofp\libstdc++.a(class_type_info.o)
 .ARM.attributes
                0x000002f1       0x2e D:/13.3 rel1/bin/../lib/gcc/arm-none-eabi/13.3.1/thumb/v7e-m/nofp\libstdc++.a(del_ops.o)
 .ARM.attributes
                0x0000031f       0x2e D:/13.3 rel1/bin/../lib/gcc/arm-none-eabi/13.3.1/thumb/v7e-m/nofp\libstdc++.a(si_class_type_info.o)
 .ARM.attributes
                0x0000034d       0x2e D:/13.3 rel1/bin/../lib/gcc/arm-none-eabi/13.3.1/thumb/v7e-m/nofp\libstdc++.a(tinfo.o)
 .ARM.attributes
                0x0000037b       0x2e D:/13.3 rel1/bin/../lib/gcc/arm-none-eabi/13.3.1/thumb/v7e-m/nofp\libstdc++.a(del_op.o)
 .ARM.attributes
                0x000003a9       0x1e D:/13.3 rel1/bin/../lib/gcc/arm-none-eabi/13.3.1/thumb/v7e-m/nofp\libgcc.a(_aeabi_uldivmod.o)
 .ARM.attributes
                0x000003c7       0x2e D:/13.3 rel1/bin/../lib/gcc/arm-none-eabi/13.3.1/thumb/v7e-m/nofp\libgcc.a(_udivmoddi4.o)
 .ARM.attributes
                0x000003f5       0x2e D:/13.3 rel1/bin/../lib/gcc/arm-none-eabi/13.3.1/thumb/v7e-m/nofp\libgcc.a(unwind-arm.o)
 .ARM.attributes
                0x00000423       0x1e D:/13.3 rel1/bin/../lib/gcc/arm-none-eabi/13.3.1/thumb/v7e-m/nofp\libgcc.a(libunwind.o)
 .ARM.attributes
                0x00000441       0x2e D:/13.3 rel1/bin/../lib/gcc/arm-none-eabi/13.3.1/thumb/v7e-m/nofp\libgcc.a(pr-support.o)
 .ARM.attributes
                0x0000046f       0x1e D:/13.3 rel1/bin/../lib/gcc/arm-none-eabi/13.3.1/thumb/v7e-m/nofp\libgcc.a(_dvmd_tls.o)
 .ARM.attributes
                0x0000048d       0x2e D:/13.3 rel1/bin/../lib/gcc/arm-none-eabi/13.3.1/thumb/v7e-m/nofp\libg.a(libc_a-abort.o)
 .ARM.attributes
                0x000004bb       0x2e D:/13.3 rel1/bin/../lib/gcc/arm-none-eabi/13.3.1/thumb/v7e-m/nofp\libg.a(libc_a-malloc.o)
 .ARM.attributes
                0x000004e9       0x2e D:/13.3 rel1/bin/../lib/gcc/arm-none-eabi/13.3.1/thumb/v7e-m/nofp\libg.a(libc_a-mallocr.o)
 .ARM.attributes
                0x00000517       0x2e D:/13.3 rel1/bin/../lib/gcc/arm-none-eabi/13.3.1/thumb/v7e-m/nofp\libg.a(libc_a-mlock.o)
 .ARM.attributes
                0x00000545       0x2e D:/13.3 rel1/bin/../lib/gcc/arm-none-eabi/13.3.1/thumb/v7e-m/nofp\libg.a(libc_a-findfp.o)
 .ARM.attributes
                0x00000573       0x2e D:/13.3 rel1/bin/../lib/gcc/arm-none-eabi/13.3.1/thumb/v7e-m/nofp\libg.a(libc_a-memset.o)
 .ARM.attributes
                0x000005a1       0x2e D:/13.3 rel1/bin/../lib/gcc/arm-none-eabi/13.3.1/thumb/v7e-m/nofp\libg.a(libc_a-signal.o)
 .ARM.attributes
                0x000005cf       0x2e D:/13.3 rel1/bin/../lib/gcc/arm-none-eabi/13.3.1/thumb/v7e-m/nofp\libg.a(libc_a-reent.o)
 .ARM.attributes
                0x000005fd       0x2e D:/13.3 rel1/bin/../lib/gcc/arm-none-eabi/13.3.1/thumb/v7e-m/nofp\libg.a(libc_a-impure.o)
 .ARM.attributes
                0x0000062b       0x2e D:/13.3 rel1/bin/../lib/gcc/arm-none-eabi/13.3.1/thumb/v7e-m/nofp\libg.a(libc_a-signalr.o)
 .ARM.attributes
                0x00000659       0x2e D:/13.3 rel1/bin/../lib/gcc/arm-none-eabi/13.3.1/thumb/v7e-m/nofp\libg.a(libc_a-sbrkr.o)
 .ARM.attributes
                0x00000687       0x2e D:/13.3 rel1/bin/../lib/gcc/arm-none-eabi/13.3.1/thumb/v7e-m/nofp\libg.a(libc_a-errno.o)
 .ARM.attributes
                0x000006b5       0x2e D:/13.3 rel1/bin/../lib/gcc/arm-none-eabi/13.3.1/thumb/v7e-m/nofp\libg.a(libc_a-init.o)
 .ARM.attributes
                0x000006e3       0x2e D:/13.3 rel1/bin/../lib/gcc/arm-none-eabi/13.3.1/thumb/v7e-m/nofp\libg.a(libc_a-lock.o)
 .ARM.attributes
                0x00000711       0x2e D:/13.3 rel1/bin/../lib/gcc/arm-none-eabi/13.3.1/thumb/v7e-m/nofp\libg.a(libc_a-sysconf.o)
 .ARM.attributes
                0x0000073f       0x1c D:/13.3 rel1/bin/../lib/gcc/arm-none-eabi/13.3.1/thumb/v7e-m/nofp\libg.a(libc_a-strcmp.o)
 .ARM.attributes
                0x0000075b       0x1c D:/13.3 rel1/bin/../lib/gcc/arm-none-eabi/13.3.1/thumb/v7e-m/nofp\libg.a(libc_a-memcpy.o)
 .ARM.attributes
                0x00000777       0x2e D:/13.3 rel1/bin/../lib/gcc/arm-none-eabi/13.3.1/thumb/v7e-m/nofp\libg.a(libc_a-__call_atexit.o)
 .ARM.attributes
                0x000007a5       0x2e D:/13.3 rel1/bin/../lib/gcc/arm-none-eabi/13.3.1/thumb/v7e-m/nofp\libg.a(libc_a-atexit.o)
 .ARM.attributes
                0x000007d3       0x2e D:/13.3 rel1/bin/../lib/gcc/arm-none-eabi/13.3.1/thumb/v7e-m/nofp\libg.a(libc_a-freer.o)
 .ARM.attributes
                0x00000801       0x2e D:/13.3 rel1/bin/../lib/gcc/arm-none-eabi/13.3.1/thumb/v7e-m/nofp\libg.a(libc_a-fini.o)
 .ARM.attributes
                0x0000082f       0x2e D:/13.3 rel1/bin/../lib/gcc/arm-none-eabi/13.3.1/thumb/v7e-m/nofp\libg.a(libc_a-__atexit.o)
 .ARM.attributes
                0x0000085d       0x2e D:/13.3 rel1/bin/../lib/gcc/arm-none-eabi/13.3.1/thumb/v7e-m/nofp/crtend.o
 .ARM.attributes
                0x0000088b       0x1e D:/13.3 rel1/bin/../lib/gcc/arm-none-eabi/13.3.1/thumb/v7e-m/nofp/crtn.o
OUTPUT(new_lib.elf elf32-littlearm)
LOAD linker stubs
LOAD D:/13.3 rel1/bin/../lib/gcc/arm-none-eabi/13.3.1/thumb/v7e-m/nofp\libc.a